Component: ARM Compiler 5.06 update 7 (build 960) Tool: armlink [4d3601]

==============================================================================

Section Cross References

    startup_stm32f103xb.o(STACK) refers (Special) to heapauxi.o(.text) for __use_two_region_memory
    startup_stm32f103xb.o(HEAP) refers (Special) to heapauxi.o(.text) for __use_two_region_memory
    startup_stm32f103xb.o(RESET) refers (Special) to heapauxi.o(.text) for __use_two_region_memory
    startup_stm32f103xb.o(RESET) refers to startup_stm32f103xb.o(STACK) for __initial_sp
    startup_stm32f103xb.o(RESET) refers to startup_stm32f103xb.o(.text) for Reset_Handler
    startup_stm32f103xb.o(RESET) refers to stm32f1xx_it.o(i.NMI_Handler) for NMI_Handler
    startup_stm32f103xb.o(RESET) refers to stm32f1xx_it.o(i.HardFault_Handler) for HardFault_Handler
    startup_stm32f103xb.o(RESET) refers to stm32f1xx_it.o(i.MemManage_Handler) for MemManage_Handler
    startup_stm32f103xb.o(RESET) refers to stm32f1xx_it.o(i.BusFault_Handler) for BusFault_Handler
    startup_stm32f103xb.o(RESET) refers to stm32f1xx_it.o(i.UsageFault_Handler) for UsageFault_Handler
    startup_stm32f103xb.o(RESET) refers to stm32f1xx_it.o(i.SVC_Handler) for SVC_Handler
    startup_stm32f103xb.o(RESET) refers to stm32f1xx_it.o(i.DebugMon_Handler) for DebugMon_Handler
    startup_stm32f103xb.o(RESET) refers to stm32f1xx_it.o(i.PendSV_Handler) for PendSV_Handler
    startup_stm32f103xb.o(RESET) refers to stm32f1xx_it.o(i.SysTick_Handler) for SysTick_Handler
    startup_stm32f103xb.o(RESET) refers to stm32f1xx_it.o(i.DMA1_Channel1_IRQHandler) for DMA1_Channel1_IRQHandler
    startup_stm32f103xb.o(RESET) refers to stm32f1xx_it.o(i.ADC1_2_IRQHandler) for ADC1_2_IRQHandler
    startup_stm32f103xb.o(.text) refers (Special) to heapauxi.o(.text) for __use_two_region_memory
    startup_stm32f103xb.o(.text) refers to system_stm32f1xx.o(i.SystemInit) for SystemInit
    startup_stm32f103xb.o(.text) refers to __main.o(!!!main) for __main
    startup_stm32f103xb.o(.text) refers to startup_stm32f103xb.o(HEAP) for Heap_Mem
    startup_stm32f103xb.o(.text) refers to startup_stm32f103xb.o(STACK) for Stack_Mem
    oled.o(i.OLED_Init) refers to ssd1306.o(i.ssd1306_Init) for ssd1306_Init
    oled.o(i.OLED_Init) refers to ssd1306.o(i.ssd1306_Fill) for ssd1306_Fill
    oled.o(i.OLED_ShowMetrics) refers to _printf_percent.o(.ARM.Collect$$_printf_percent$$00000000) for _printf_percent
    oled.o(i.OLED_ShowMetrics) refers to _printf_f.o(.ARM.Collect$$_printf_percent$$00000003) for _printf_f
    oled.o(i.OLED_ShowMetrics) refers to printf1.o(x$fpl$printf1) for _printf_fp_dec
    oled.o(i.OLED_ShowMetrics) refers to fmul.o(x$fpl$fmul) for __aeabi_fmul
    oled.o(i.OLED_ShowMetrics) refers to ssd1306.o(i.ssd1306_Fill) for ssd1306_Fill
    oled.o(i.OLED_ShowMetrics) refers to ssd1306.o(i.ssd1306_SetCursor) for ssd1306_SetCursor
    oled.o(i.OLED_ShowMetrics) refers to ssd1306.o(i.ssd1306_WriteString) for ssd1306_WriteString
    oled.o(i.OLED_ShowMetrics) refers to f2d.o(x$fpl$f2d) for __aeabi_f2d
    oled.o(i.OLED_ShowMetrics) refers to noretval__2snprintf.o(.text) for __2snprintf
    oled.o(i.OLED_ShowMetrics) refers to ssd1306.o(i.ssd1306_UpdateScreen) for ssd1306_UpdateScreen
    oled.o(i.OLED_ShowMetrics) refers to ssd1306_fonts.o(.constdata) for Font_6x8
    ssd1306.o(i.ssd1306_DegToRad) refers to fmul.o(x$fpl$fmul) for __aeabi_fmul
    ssd1306.o(i.ssd1306_DrawArc) refers to ssd1306.o(i.ssd1306_NormalizeTo0_360) for ssd1306_NormalizeTo0_360
    ssd1306.o(i.ssd1306_DrawArc) refers to fflt_clz.o(x$fpl$ffltu) for __aeabi_ui2f
    ssd1306.o(i.ssd1306_DrawArc) refers to fdiv.o(x$fpl$fdiv) for __aeabi_fdiv
    ssd1306.o(i.ssd1306_DrawArc) refers to fmul.o(x$fpl$fmul) for __aeabi_fmul
    ssd1306.o(i.ssd1306_DrawArc) refers to ssd1306.o(i.ssd1306_DegToRad) for ssd1306_DegToRad
    ssd1306.o(i.ssd1306_DrawArc) refers to sinf.o(i.sinf) for sinf
    ssd1306.o(i.ssd1306_DrawArc) refers to ffix.o(x$fpl$ffix) for __aeabi_f2iz
    ssd1306.o(i.ssd1306_DrawArc) refers to cosf.o(i.cosf) for cosf
    ssd1306.o(i.ssd1306_DrawArc) refers to ssd1306.o(i.ssd1306_Line) for ssd1306_Line
    ssd1306.o(i.ssd1306_DrawArcWithRadiusLine) refers to ssd1306.o(i.ssd1306_NormalizeTo0_360) for ssd1306_NormalizeTo0_360
    ssd1306.o(i.ssd1306_DrawArcWithRadiusLine) refers to fflt_clz.o(x$fpl$ffltu) for __aeabi_ui2f
    ssd1306.o(i.ssd1306_DrawArcWithRadiusLine) refers to fdiv.o(x$fpl$fdiv) for __aeabi_fdiv
    ssd1306.o(i.ssd1306_DrawArcWithRadiusLine) refers to fmul.o(x$fpl$fmul) for __aeabi_fmul
    ssd1306.o(i.ssd1306_DrawArcWithRadiusLine) refers to ssd1306.o(i.ssd1306_DegToRad) for ssd1306_DegToRad
    ssd1306.o(i.ssd1306_DrawArcWithRadiusLine) refers to sinf.o(i.sinf) for sinf
    ssd1306.o(i.ssd1306_DrawArcWithRadiusLine) refers to ffix.o(x$fpl$ffix) for __aeabi_f2iz
    ssd1306.o(i.ssd1306_DrawArcWithRadiusLine) refers to cosf.o(i.cosf) for cosf
[...]
    ..\..\stm32-ssd1306-master\stm32-ssd1306-master\ssd1306\ssd1306_fonts.c 0x00000000   Number         0  ssd1306_fonts.o ABSOLUTE
    ..\Core\Src\adc.c                        0x00000000   Number         0  adc.o ABSOLUTE
    ..\Core\Src\dma.c                        0x00000000   Number         0  dma.o ABSOLUTE
    ..\Core\Src\gpio.c                       0x00000000   Number         0  gpio.o ABSOLUTE
    ..\Core\Src\i2c.c                        0x00000000   Number         0  i2c.o ABSOLUTE
    ..\Core\Src\main.c                       0x00000000   Number         0  main.o ABSOLUTE
    ..\Core\Src\oled.c                       0x00000000   Number         0  oled.o ABSOLUTE
    ..\Core\Src\stm32f1xx_hal_msp.c          0x00000000   Number         0  stm32f1xx_hal_msp.o ABSOLUTE
    ..\Core\Src\stm32f1xx_it.c               0x00000000   Number         0  stm32f1xx_it.o ABSOLUTE
    ..\Core\Src\system_stm32f1xx.c           0x00000000   Number         0  system_stm32f1xx.o ABSOLUTE
    ..\Core\Src\tim.c                        0x00000000   Number         0  tim.o ABSOLUTE
    ..\Drivers\STM32F1xx_HAL_Driver\Src\stm32f1xx_hal.c 0x00000000   Number         0  stm32f1xx_hal.o ABSOLUTE
    ..\Drivers\STM32F1xx_HAL_Driver\Src\stm32f1xx_hal_adc.c 0x00000000   Number         0  stm32f1xx_hal_adc.o ABSOLUTE
    ..\Drivers\STM32F1xx_HAL_Driver\Src\stm32f1xx_hal_adc_ex.c 0x00000000   Number         0  stm32f1xx_hal_adc_ex.o ABSOLUTE
    ..\Drivers\STM32F1xx_HAL_Driver\Src\stm32f1xx_hal_cortex.c 0x00000000   Number         0  stm32f1xx_hal_cortex.o ABSOLUTE
    ..\Drivers\STM32F1xx_HAL_Driver\Src\stm32f1xx_hal_dma.c 0x00000000   Number         0  stm32f1xx_hal_dma.o ABSOLUTE
    ..\Drivers\STM32F1xx_HAL_Driver\Src\stm32f1xx_hal_exti.c 0x00000000   Number         0  stm32f1xx_hal_exti.o ABSOLUTE
    ..\Drivers\STM32F1xx_HAL_Driver\Src\stm32f1xx_hal_flash.c 0x00000000   Number         0  stm32f1xx_hal_flash.o ABSOLUTE
    ..\Drivers\STM32F1xx_HAL_Driver\Src\stm32f1xx_hal_flash_ex.c 0x00000000   Number         0  stm32f1xx_hal_flash_ex.o ABSOLUTE
    ..\Drivers\STM32F1xx_HAL_Driver\Src\stm32f1xx_hal_gpio.c 0x00000000   Number         0  stm32f1xx_hal_gpio.o ABSOLUTE
    ..\Drivers\STM32F1xx_HAL_Driver\Src\stm32f1xx_hal_gpio_ex.c 0x00000000   Number         0  stm32f1xx_hal_gpio_ex.o ABSOLUTE
    ..\Drivers\STM32F1xx_HAL_Driver\Src\stm32f1xx_hal_i2c.c 0x00000000   Number         0  stm32f1xx_hal_i2c.o ABSOLUTE
    ..\Drivers\STM32F1xx_HAL_Driver\Src\stm32f1xx_hal_pwr.c 0x00000000   Number         0  stm32f1xx_hal_pwr.o ABSOLUTE
    ..\Drivers\STM32F1xx_HAL_Driver\Src\stm32f1xx_hal_rcc.c 0x00000000   Number         0  stm32f1xx_hal_rcc.o ABSOLUTE
    ..\Drivers\STM32F1xx_HAL_Driver\Src\stm32f1xx_hal_rcc_ex.c 0x00000000   Number         0  stm32f1xx_hal_rcc_ex.o ABSOLUTE
    ..\Drivers\STM32F1xx_HAL_Driver\Src\stm32f1xx_hal_tim.c 0x00000000   Number         0  stm32f1xx_hal_tim.o ABSOLUTE
    ..\Drivers\STM32F1xx_HAL_Driver\Src\stm32f1xx_hal_tim_ex.c 0x00000000   Number         0  stm32f1xx_hal_tim_ex.o ABSOLUTE
    ..\\..\\stm32-ssd1306-master\\stm32-ssd1306-master\\ssd1306\\ssd1306.c 0x00000000   Number         0  ssd1306.o ABSOLUTE
    ..\\..\\stm32-ssd1306-master\\stm32-ssd1306-master\\ssd1306\\ssd1306_fonts.c 0x00000000   Number         0  ssd1306_fonts.o ABSOLUTE
    dc.s                                     0x00000000   Number         0  dc.o ABSOLUTE
    startup_stm32f103xb.s                    0x00000000   Number         0  startup_stm32f103xb.o ABSOLUTE
    RESET                                    0x08000000   Section      236  startup_stm32f103xb.o(RESET)
    !!!main                                  0x080000ec   Section        8  __main.o(!!!main)
    !!!scatter                               0x080000f4   Section       52  __scatter.o(!!!scatter)
    !!handler_copy                           0x08000128   Section       26  __scatter_copy.o(!!handler_copy)
    !!handler_zi                             0x08000144   Section       28  __scatter_zi.o(!!handler_zi)
    .ARM.Collect$$_printf_percent$$00000000  0x08000160   Section        0  _printf_percent.o(.ARM.Collect$$_printf_percent$$00000000)
    .ARM.Collect$$_printf_percent$$00000003  0x08000160   Section        6  _printf_f.o(.ARM.Collect$$_printf_percent$$00000003)
    .ARM.Collect$$_printf_percent$$00000017  0x08000166   Section        4  _printf_percent_end.o(.ARM.Collect$$_printf_percent$$00000017)
    .ARM.Collect$$libinit$$00000000          0x0800016a   Section        2  libinit.o(.ARM.Collect$$libinit$$00000000)
    .ARM.Collect$$libinit$$00000002          0x0800016c   Section        0  libinit2.o(.ARM.Collect$$libinit$$00000002)
    .ARM.Collect$$libinit$$00000004          0x0800016c   Section        0  libinit2.o(.ARM.Collect$$libinit$$00000004)
    .ARM.Collect$$libinit$$0000000A          0x0800016c   Section        0  libinit2.o(.ARM.Collect$$libinit$$0000000A)
    .ARM.Collect$$libinit$$0000000C          0x0800016c   Section        0  libinit2.o(.ARM.Collect$$libinit$$0000000C)
    .ARM.Collect$$libinit$$0000000E          0x0800016c   Section        0  libinit2.o(.ARM.Collect$$libinit$$0000000E)
    .ARM.Collect$$libinit$$0000000F          0x0800016c   Section        6  libinit2.o(.ARM.Collect$$libinit$$0000000F)
    .ARM.Collect$$libinit$$00000011          0x08000172   Section        0  libinit2.o(.ARM.Collect$$libinit$$00000011)
    .ARM.Collect$$libinit$$00000013          0x08000172   Section        0  libinit2.o(.ARM.Collect$$libinit$$00000013)
    .ARM.Collect$$libinit$$00000015          0x08000172   Section        0  libinit2.o(.ARM.Collect$$libinit$$00000015)
    .ARM.Collect$$libinit$$00000016          0x08000172   Section       10  libinit2.o(.ARM.Collect$$libinit$$00000016)
    .ARM.Collect$$libinit$$00000017          0x0800017c   Section        0  libinit2.o(.ARM.Collect$$libinit$$00000017)
    .ARM.Collect$$libinit$$00000019          0x0800017c   Section        0  libinit2.o(.ARM.Collect$$libinit$$00000019)
    .ARM.Collect$$libinit$$0000001B          0x0800017c   Section        0  libinit2.o(.ARM.Collect$$libinit$$0000001B)
    .ARM.Collect$$libinit$$0000001D          0x0800017c   Section        0  libinit2.o(.ARM.Collect$$libinit$$0000001D)
    .ARM.Collect$$libinit$$0000001F          0x0800017c   Section        0  libinit2.o(.ARM.Collect$$libinit$$0000001F)
    .ARM.Collect$$libinit$$00000021          0x0800017c   Section        0  libinit2.o(.ARM.Collect$$libinit$$00000021)
    .ARM.Collect$$libinit$$00000023          0x0800017c   Section        0  libinit2.o(.ARM.Collect$$libinit$$00000023)
    .ARM.Collect$$libinit$$00000025          0x0800017c   Section        0  libinit2.o(.ARM.Collect$$libinit$$00000025)
    .ARM.Collect$$libinit$$0000002C          0x0800017c   Section        0  libinit2.o(.ARM.Collect$$libinit$$0000002C)
    .ARM.Collect$$libinit$$0000002E          0x0800017c   Section        0  libinit2.o(.ARM.Collect$$libinit$$0000002E)
    .ARM.Collect$$libinit$$00000030          0x0800017c   Section        0  libinit2.o(.ARM.Collect$$libinit$$00000030)
    .ARM.Collect$$libinit$$00000032          0x0800017c   Section        0  libinit2.o(.ARM.Collect$$libinit$$00000032)
    .ARM.Collect$$libinit$$00000033          0x0800017c   Section        2  libinit2.o(.ARM.Collect$$libinit$$00000033)
    .ARM.Collect$$libshutdown$$00000000      0x0800017e   Section        2  libshutdown.o(.ARM.Collect$$libshutdown$$00000000)
    .ARM.Collect$$libshutdown$$00000002      0x08000180   Section        0  libshutdown2.o(.ARM.Collect$$libshutdown$$00000002)
    .ARM.Collect$$libshutdown$$00000004      0x08000180   Section        0  libshutdown2.o(.ARM.Collect$$libshutdown$$00000004)
    .ARM.Collect$$libshutdown$$00000006      0x08000180   Section        0  libshutdown2.o(.ARM.Collect$$libshutdown$$00000006)
    .ARM.Collect$$libshutdown$$00000009      0x08000180   Section        0  libshutdown2.o(.ARM.Collect$$libshutdown$$00000009)
    .ARM.Collect$$libshutdown$$0000000C      0x08000180   Section        0  libshutdown2.o(.ARM.Collect$$libshutdown$$0000000C)
    .ARM.Collect$$libshutdown$$0000000E      0x08000180   Section        0  libshutdown2.o(.ARM.Collect$$libshutdown$$0000000E)
    .ARM.Collect$$libshutdown$$00000011      0x08000180   Section        0  libshutdown2.o(.ARM.Collect$$libshutdown$$00000011)
    .ARM.Collect$$libshutdown$$00000012      0x08000180   Section        2  libshutdown2.o(.ARM.Collect$$libshutdown$$00000012)
    .ARM.Collect$$rtentry$$00000000          0x08000182   Section        0  __rtentry.o(.ARM.Collect$$rtentry$$00000000)
    .ARM.Collect$$rtentry$$00000002          0x08000182   Section        0  __rtentry2.o(.ARM.Collect$$rtentry$$00000002)
    .ARM.Collect$$rtentry$$00000004          0x08000182   Section        6  __rtentry4.o(.ARM.Collect$$rtentry$$00000004)
    .ARM.Collect$$rtentry$$00000009          0x08000188   Section        0  __rtentry2.o(.ARM.Collect$$rtentry$$00000009)
    .ARM.Collect$$rtentry$$0000000A          0x08000188   Section        4  __rtentry2.o(.ARM.Collect$$rtentry$$0000000A)
    .ARM.Collect$$rtentry$$0000000C          0x0800018c   Section        0  __rtentry2.o(.ARM.Collect$$rtentry$$0000000C)
    .ARM.Collect$$rtentry$$0000000D          0x0800018c   Section        8  __rtentry2.o(.ARM.Collect$$rtentry$$0000000D)
    .ARM.Collect$$rtexit$$00000000           0x08000194   Section        2  rtexit.o(.ARM.Collect$$rtexit$$00000000)
    .ARM.Collect$$rtexit$$00000002           0x08000196   Section        0  rtexit2.o(.ARM.Collect$$rtexit$$00000002)
    .ARM.Collect$$rtexit$$00000003           0x08000196   Section        4  rtexit2.o(.ARM.Collect$$rtexit$$00000003)
    .ARM.Collect$$rtexit$$00000004           0x0800019a   Section        6  rtexit2.o(.ARM.Collect$$rtexit$$00000004)
    .text                                    0x080001a0   Section       64  startup_stm32f103xb.o(.text)
    .text                                    0x080001e0   Section        0  noretval__2snprintf.o(.text)
    .text                                    0x08000214   Section        0  __printf_flags_wp.o(.text)
    .text                                    0x0800034c   Section       16  aeabi_memset.o(.text)
    .text                                    0x0800035c   Section       78  rt_memclr_w.o(.text)
    .text                                    0x080003aa   Section        0  heapauxi.o(.text)
    .text                                    0x080003b0   Section        0  _printf_fp_dec.o(.text)
    _fp_digits                               0x080003b3   Thumb Code   432  _printf_fp_dec.o(.text)
    .text                                    0x080007d0   Section        0  _printf_char_common.o(.text)
    _printf_input_char                       0x080007d1   Thumb Code    10  _printf_char_common.o(.text)
    .text                                    0x08000800   Section        0  _sputc.o(.text)
    .text                                    0x0800080a   Section        0  _snputc.o(.text)
    .text                                    0x0800081a   Section       68  rt_memclr.o(.text)
    .text                                    0x08000860   Section        8  rt_locale_intlibspace.o(.text)
    .text                                    0x08000868   Section      138  lludiv10.o(.text)
    .text                                    0x080008f4   Section        0  _printf_fp_infnan.o(.text)
    .text                                    0x08000974   Section        0  bigflt0.o(.text)
    .text                                    0x08000a58   Section        8  libspace.o(.text)
    .text                                    0x08000a60   Section       74  sys_stackheap_outer.o(.text)
    .text                                    0x08000aaa   Section        0  exit.o(.text)
    .text                                    0x08000abc   Section      128  strcmpv7m.o(.text)
    .text                                    0x08000b3c   Section        0  sys_exit.o(.text)
    .text                                    0x08000b48   Section        2  use_no_semi.o(.text)
    .text                                    0x08000b4a   Section        0  indicate_semi.o(.text)
    CL$$btod_d2e                             0x08000b4a   Section       62  btod.o(CL$$btod_d2e)
    CL$$btod_d2e_denorm_low                  0x08000b88   Section       70  btod.o(CL$$btod_d2e_denorm_low)
    CL$$btod_d2e_norm_op1                    0x08000bce   Section       96  btod.o(CL$$btod_d2e_norm_op1)
    CL$$btod_div_common                      0x08000c2e   Section      824  btod.o(CL$$btod_div_common)
    CL$$btod_e2e                             0x08000f66   Section      220  btod.o(CL$$btod_e2e)
    CL$$btod_ediv                            0x08001042   Section       42  btod.o(CL$$btod_ediv)
    CL$$btod_emul                            0x0800106c   Section       42  btod.o(CL$$btod_emul)
    CL$$btod_mult_common                     0x08001096   Section      580  btod.o(CL$$btod_mult_common)
    i.ADC1_2_IRQHandler                      0x080012dc   Section        0  stm32f1xx_it.o(i.ADC1_2_IRQHandler)
    i.ADC_ConversionStop_Disable             0x080012e8   Section        0  stm32f1xx_hal_adc.o(i.ADC_ConversionStop_Disable)
    i.ADC_DMAConvCplt                        0x0800133e   Section        0  stm32f1xx_hal_adc.o(i.ADC_DMAConvCplt)
    i.ADC_DMAError                           0x0800138c   Section        0  stm32f1xx_hal_adc.o(i.ADC_DMAError)
    i.ADC_DMAHalfConvCplt                    0x080013a6   Section        0  stm32f1xx_hal_adc.o(i.ADC_DMAHalfConvCplt)
    i.ADC_Enable                             0x080013b0   Section        0  stm32f1xx_hal_adc.o(i.ADC_Enable)
    i.BusFault_Handler                       0x0800142c   Section        0  stm32f1xx_it.o(i.BusFault_Handler)
    i.DMA1_Channel1_IRQHandler               0x08001430   Section        0  stm32f1xx_it.o(i.DMA1_Channel1_IRQHandler)
    i.DMA_SetConfig                          0x0800143c   Section        0  stm32f1xx_hal_dma.o(i.DMA_SetConfig)
    DMA_SetConfig                            0x0800143d   Thumb Code    42  stm32f1xx_hal_dma.o(i.DMA_SetConfig)
    i.DebugMon_Handler                       0x08001466   Section        0  stm32f1xx_it.o(i.DebugMon_Handler)
    i.Error_Handler                          0x08001468   Section        0  main.o(i.Error_Handler)
    i.HAL_ADCEx_InjectedConvCpltCallback     0x0800146c   Section        0  stm32f1xx_hal_adc_ex.o(i.HAL_ADCEx_InjectedConvCpltCallback)
    i.HAL_ADC_AnalogWDGConfig                0x08001470   Section        0  stm32f1xx_hal_adc.o(i.HAL_ADC_AnalogWDGConfig)
    i.HAL_ADC_ConfigChannel                  0x080014c8   Section        0  stm32f1xx_hal_adc.o(i.HAL_ADC_ConfigChannel)
    i.HAL_ADC_ConvCpltCallback               0x080015c4   Section        0  stm32f1xx_hal_adc.o(i.HAL_ADC_ConvCpltCallback)
    i.HAL_ADC_ConvHalfCpltCallback           0x080015c6   Section        0  stm32f1xx_hal_adc.o(i.HAL_ADC_ConvHalfCpltCallback)
    i.HAL_ADC_ErrorCallback                  0x080015c8   Section        0  stm32f1xx_hal_adc.o(i.HAL_ADC_ErrorCallback)
    i.HAL_ADC_IRQHandler                     0x080015ca   Section        0  stm32f1xx_hal_adc.o(i.HAL_ADC_IRQHandler)
    i.HAL_ADC_Init                           0x080016a8   Section        0  stm32f1xx_hal_adc.o(i.HAL_ADC_Init)
    i.HAL_ADC_LevelOutOfWindowCallback       0x080017c4   Section        0  stm32f1xx_hal_adc.o(i.HAL_ADC_LevelOutOfWindowCallback)
    i.HAL_ADC_MspInit                        0x080017c8   Section        0  adc.o(i.HAL_ADC_MspInit)
    i.HAL_ADC_Start_DMA                      0x08001868   Section        0  stm32f1xx_hal_adc.o(i.HAL_ADC_Start_DMA)
    i.HAL_DMA_IRQHandler                     0x08001974   Section        0  stm32f1xx_hal_dma.o(i.HAL_DMA_IRQHandler)
    i.HAL_DMA_Init                           0x08001ac8   Section        0  stm32f1xx_hal_dma.o(i.HAL_DMA_Init)
    i.HAL_DMA_Start_IT                       0x08001b24   Section        0  stm32f1xx_hal_dma.o(i.HAL_DMA_Start_IT)
    i.HAL_Delay                              0x08001b94   Section        0  stm32f1xx_hal.o(i.HAL_Delay)
    i.HAL_GPIO_Init                          0x08001bb8   Section        0  stm32f1xx_hal_gpio.o(i.HAL_GPIO_Init)
    i.HAL_GPIO_WritePin                      0x08001d98   Section        0  stm32f1xx_hal_gpio.o(i.HAL_GPIO_WritePin)
    i.HAL_GetTick                            0x08001da4   Section        0  stm32f1xx_hal.o(i.HAL_GetTick)
    i.HAL_I2C_Init                           0x08001db0   Section        0  stm32f1xx_hal_i2c.o(i.HAL_I2C_Init)
    i.HAL_I2C_Mem_Write                      0x08001f38   Section        0  stm32f1xx_hal_i2c.o(i.HAL_I2C_Mem_Write)
    i.HAL_I2C_MspInit                        0x08002068   Section        0  i2c.o(i.HAL_I2C_MspInit)
    i.HAL_IncTick                            0x080020c4   Section        0  stm32f1xx_hal.o(i.HAL_IncTick)
    i.HAL_Init                               0x080020d4   Section        0  stm32f1xx_hal.o(i.HAL_Init)
    i.HAL_InitTick                           0x080020f8   Section        0  stm32f1xx_hal.o(i.HAL_InitTick)
    i.HAL_MspInit                            0x08002138   Section        0  stm32f1xx_hal_msp.o(i.HAL_MspInit)
    i.HAL_NVIC_EnableIRQ                     0x08002174   Section        0  stm32f1xx_hal_cortex.o(i.HAL_NVIC_EnableIRQ)
    i.HAL_NVIC_SetPriority                   0x08002190   Section        0  stm32f1xx_hal_cortex.o(i.HAL_NVIC_SetPriority)
    i.HAL_NVIC_SetPriorityGrouping           0x080021d0   Section        0  stm32f1xx_hal_cortex.o(i.HAL_NVIC_SetPriorityGrouping)
    i.HAL_RCCEx_PeriphCLKConfig              0x080021f4   Section        0  stm32f1xx_hal_rcc_ex.o(i.HAL_RCCEx_PeriphCLKConfig)
    i.HAL_RCC_ClockConfig                    0x080022e0   Section        0  stm32f1xx_hal_rcc.o(i.HAL_RCC_ClockConfig)
    i.HAL_RCC_GetPCLK1Freq                   0x0800240c   Section        0  stm32f1xx_hal_rcc.o(i.HAL_RCC_GetPCLK1Freq)
    i.HAL_RCC_GetSysClockFreq                0x0800242c   Section        0  stm32f1xx_hal_rcc.o(i.HAL_RCC_GetSysClockFreq)
    i.HAL_RCC_OscConfig                      0x08002478   Section        0  stm32f1xx_hal_rcc.o(i.HAL_RCC_OscConfig)
    i.HAL_SYSTICK_Config                     0x08002798   Section        0  stm32f1xx_hal_cortex.o(i.HAL_SYSTICK_Config)
    i.HAL_TIMEx_ConfigBreakDeadTime          0x080027c0   Section        0  stm32f1xx_hal_tim_ex.o(i.HAL_TIMEx_ConfigBreakDeadTime)
    i.HAL_TIMEx_MasterConfigSynchronization  0x08002814   Section        0  stm32f1xx_hal_tim_ex.o(i.HAL_TIMEx_MasterConfigSynchronization)
    i.HAL_TIM_PWM_ConfigChannel              0x0800287c   Section        0  stm32f1xx_hal_tim.o(i.HAL_TIM_PWM_ConfigChannel)
    i.HAL_TIM_PWM_Init                       0x08002948   Section        0  stm32f1xx_hal_tim.o(i.HAL_TIM_PWM_Init)
    i.HAL_TIM_PWM_MspInit                    0x080029a4   Section        0  tim.o(i.HAL_TIM_PWM_MspInit)
    i.HardFault_Handler                      0x080029cc   Section        0  stm32f1xx_it.o(i.HardFault_Handler)
    i.I2C_IsAcknowledgeFailed                0x080029ce   Section        0  stm32f1xx_hal_i2c.o(i.I2C_IsAcknowledgeFailed)
    I2C_IsAcknowledgeFailed                  0x080029cf   Thumb Code    46  stm32f1xx_hal_i2c.o(i.I2C_IsAcknowledgeFailed)
    i.I2C_RequestMemoryWrite                 0x080029fc   Section        0  stm32f1xx_hal_i2c.o(i.I2C_RequestMemoryWrite)
    I2C_RequestMemoryWrite                   0x080029fd   Thumb Code   162  stm32f1xx_hal_i2c.o(i.I2C_RequestMemoryWrite)
    i.I2C_WaitOnBTFFlagUntilTimeout          0x08002aa4   Section        0  stm32f1xx_hal_i2c.o(i.I2C_WaitOnBTFFlagUntilTimeout)
    I2C_WaitOnBTFFlagUntilTimeout            0x08002aa5   Thumb Code    86  stm32f1xx_hal_i2c.o(i.I2C_WaitOnBTFFlagUntilTimeout)
    i.I2C_WaitOnFlagUntilTimeout             0x08002afc   Section        0  stm32f1xx_hal_i2c.o(i.I2C_WaitOnFlagUntilTimeout)
    I2C_WaitOnFlagUntilTimeout               0x08002afd   Thumb Code   144  stm32f1xx_hal_i2c.o(i.I2C_WaitOnFlagUntilTimeout)
    i.I2C_WaitOnMasterAddressFlagUntilTimeout 0x08002b8c   Section        0  stm32f1xx_hal_i2c.o(i.I2C_WaitOnMasterAddressFlagUntilTimeout)
    I2C_WaitOnMasterAddressFlagUntilTimeout  0x08002b8d   Thumb Code   188  stm32f1xx_hal_i2c.o(i.I2C_WaitOnMasterAddressFlagUntilTimeout)
    i.I2C_WaitOnTXEFlagUntilTimeout          0x08002c48   Section        0  stm32f1xx_hal_i2c.o(i.I2C_WaitOnTXEFlagUntilTimeout)
    I2C_WaitOnTXEFlagUntilTimeout            0x08002c49   Thumb Code    86  stm32f1xx_hal_i2c.o(i.I2C_WaitOnTXEFlagUntilTimeout)
    i.MX_ADC1_Init                           0x08002ca0   Section        0  adc.o(i.MX_ADC1_Init)
    i.MX_DMA_Init                            0x08002d30   Section        0  dma.o(i.MX_DMA_Init)
    i.MX_GPIO_Init                           0x08002d5c   Section        0  gpio.o(i.MX_GPIO_Init)
    i.MX_I2C1_Init                           0x08002e04   Section        0  i2c.o(i.MX_I2C1_Init)
    i.MX_TIM1_Init                           0x08002e44   Section        0  tim.o(i.MX_TIM1_Init)
    i.MemManage_Handler                      0x08002ee0   Section        0  stm32f1xx_it.o(i.MemManage_Handler)
    i.NMI_Handler                            0x08002ee2   Section        0  stm32f1xx_it.o(i.NMI_Handler)
    i.OLED_Init                              0x08002ee4   Section        0  oled.o(i.OLED_Init)
    i.OLED_ShowMetrics                       0x08002ef4   Section        0  oled.o(i.OLED_ShowMetrics)
    i.PendSV_Handler                         0x08003080   Section        0  stm32f1xx_it.o(i.PendSV_Handler)
    i.SVC_Handler                            0x08003082   Section        0  stm32f1xx_it.o(i.SVC_Handler)
    i.SysTick_Handler                        0x08003084   Section        0  stm32f1xx_it.o(i.SysTick_Handler)
    i.SystemClock_Config                     0x08003088   Section        0  main.o(i.SystemClock_Config)
    i.SystemInit                             0x08003100   Section        0  system_stm32f1xx.o(i.SystemInit)
    i.TIM_Base_SetConfig                     0x08003104   Section        0  stm32f1xx_hal_tim.o(i.TIM_Base_SetConfig)
    i.TIM_OC1_SetConfig                      0x0800317c   Section        0  stm32f1xx_hal_tim.o(i.TIM_OC1_SetConfig)
    TIM_OC1_SetConfig                        0x0800317d   Thumb Code    74  stm32f1xx_hal_tim.o(i.TIM_OC1_SetConfig)
    i.TIM_OC2_SetConfig                      0x080031cc   Section        0  stm32f1xx_hal_tim.o(i.TIM_OC2_SetConfig)
    i.TIM_OC3_SetConfig                      0x08003224   Section        0  stm32f1xx_hal_tim.o(i.TIM_OC3_SetConfig)
    TIM_OC3_SetConfig                        0x08003225   Thumb Code    82  stm32f1xx_hal_tim.o(i.TIM_OC3_SetConfig)
    i.TIM_OC4_SetConfig                      0x0800327c   Section        0  stm32f1xx_hal_tim.o(i.TIM_OC4_SetConfig)
    TIM_OC4_SetConfig                        0x0800327d   Thumb Code    64  stm32f1xx_hal_tim.o(i.TIM_OC4_SetConfig)
    i.UsageFault_Handler                     0x080032c0   Section        0  stm32f1xx_it.o(i.UsageFault_Handler)
    i.__ARM_fpclassify                       0x080032c2   Section        0  fpclassify.o(i.__ARM_fpclassify)
    i.__NVIC_SetPriority                     0x080032ea   Section        0  stm32f1xx_hal_cortex.o(i.__NVIC_SetPriority)
    __NVIC_SetPriority                       0x080032eb   Thumb Code    32  stm32f1xx_hal_cortex.o(i.__NVIC_SetPriority)
    i._is_digit                              0x0800330a   Section        0  __printf_wp.o(i._is_digit)
    i.main                                   0x08003318   Section        0  main.o(i.main)
    i.ssd1306_DrawPixel                      0x080034a0   Section        0  ssd1306.o(i.ssd1306_DrawPixel)
    i.ssd1306_Fill                           0x080034d0   Section        0  ssd1306.o(i.ssd1306_Fill)
    i.ssd1306_Init                           0x080034e8   Section        0  ssd1306.o(i.ssd1306_Init)
    i.ssd1306_SetContrast                    0x080035b0   Section        0  ssd1306.o(i.ssd1306_SetContrast)
    i.ssd1306_SetCursor                      0x080035c4   Section        0  ssd1306.o(i.ssd1306_SetCursor)
    i.ssd1306_SetDisplayOn                   0x080035d0   Section        0  ssd1306.o(i.ssd1306_SetDisplayOn)
    i.ssd1306_UpdateScreen                   0x080035e8   Section        0  ssd1306.o(i.ssd1306_UpdateScreen)
    i.ssd1306_WriteChar                      0x08003620   Section        0  ssd1306.o(i.ssd1306_WriteChar)
    i.ssd1306_WriteCommand                   0x080036c8   Section        0  ssd1306.o(i.ssd1306_WriteCommand)
    i.ssd1306_WriteData                      0x080036ec   Section        0  ssd1306.o(i.ssd1306_WriteData)
    i.ssd1306_WriteString                    0x0800370c   Section        0  ssd1306.o(i.ssd1306_WriteString)
    locale$$code                             0x08003740   Section       44  lc_numeric_c.o(locale$$code)
    x$fpl$dretinf                            0x0800376c   Section       12  dretinf.o(x$fpl$dretinf)
    x$fpl$f2d                                0x08003778   Section       86  f2d.o(x$fpl$f2d)
    x$fpl$fadd                               0x080037d0   Section      196  faddsub_clz.o(x$fpl$fadd)
    _fadd1                                   0x080037df   Thumb Code     0  faddsub_clz.o(x$fpl$fadd)
    x$fpl$fdiv                               0x08003894   Section      388  fdiv.o(x$fpl$fdiv)
    _fdiv1                                   0x08003895   Thumb Code     0  fdiv.o(x$fpl$fdiv)
    x$fpl$ffltu                              0x08003a18   Section       38  fflt_clz.o(x$fpl$ffltu)
    x$fpl$fmul                               0x08003a40   Section      258  fmul.o(x$fpl$fmul)
    x$fpl$fnaninf                            0x08003b42   Section      140  fnaninf.o(x$fpl$fnaninf)
    x$fpl$fretinf                            0x08003bce   Section       10  fretinf.o(x$fpl$fretinf)
    x$fpl$frsb                               0x08003bd8   Section       20  faddsub_clz.o(x$fpl$frsb)
    x$fpl$fsub                               0x08003bec   Section      234  faddsub_clz.o(x$fpl$fsub)
    _fsub1                                   0x08003bfb   Thumb Code     0  faddsub_clz.o(x$fpl$fsub)
    x$fpl$printf1                            0x08003cd6   Section        4  printf1.o(x$fpl$printf1)
    .constdata                               0x08003cda   Section     1520  ssd1306_fonts.o(.constdata)
    x$fpl$usenofp                            0x08003cda   Section        0  usenofp.o(x$fpl$usenofp)
    Font6x8                                  0x08003cda   Data        1520  ssd1306_fonts.o(.constdata)
    .constdata                               0x080042cc   Section       12  ssd1306_fonts.o(.constdata)
    .constdata                               0x080042d8   Section       18  stm32f1xx_hal_rcc.o(.constdata)
    aPredivFactorTable                       0x080042d8   Data           2  stm32f1xx_hal_rcc.o(.constdata)
    aPLLMULFactorTable                       0x080042da   Data          16  stm32f1xx_hal_rcc.o(.constdata)
    .constdata                               0x080042ea   Section       16  system_stm32f1xx.o(.constdata)
    .constdata                               0x080042fa   Section        8  system_stm32f1xx.o(.constdata)
    .constdata                               0x08004302   Section       17  __printf_flags_wp.o(.constdata)
    maptable                                 0x08004302   Data          17  __printf_flags_wp.o(.constdata)
    .constdata                               0x08004314   Section      148  bigflt0.o(.constdata)
    tenpwrs_x                                0x08004314   Data          60  bigflt0.o(.constdata)
    tenpwrs_i                                0x08004350   Data          64  bigflt0.o(.constdata)
    locale$$data                             0x080043c8   Section       28  lc_numeric_c.o(locale$$data)
    __lcnum_c_name                           0x080043cc   Data           2  lc_numeric_c.o(locale$$data)
    __lcnum_c_start                          0x080043d4   Data           0  lc_numeric_c.o(locale$$data)
    __lcnum_c_point                          0x080043e0   Data           0  lc_numeric_c.o(locale$$data)
    __lcnum_c_thousands                      0x080043e2   Data           0  lc_numeric_c.o(locale$$data)
    __lcnum_c_grouping                       0x080043e3   Data           0  lc_numeric_c.o(locale$$data)
    __lcnum_c_end                            0x080043e4   Data           0  lc_numeric_c.o(locale$$data)
    .data                                    0x20000000   Section        6  ssd1306.o(.data)
    SSD1306                                  0x20000000   Data           6  ssd1306.o(.data)
    .data                                    0x20000008   Section       44  main.o(.data)
    .data                                    0x20000034   Section       12  stm32f1xx_hal.o(.data)
    .data                                    0x20000040   Section        4  system_stm32f1xx.o(.data)
    .bss                                     0x20000044   Section     1024  ssd1306.o(.bss)
    SSD1306_Buffer                           0x20000044   Data        1024  ssd1306.o(.bss)
    .bss                                     0x20000444   Section      116  adc.o(.bss)
    .bss                                     0x200004b8   Section       84  i2c.o(.bss)
    .bss                                     0x2000050c   Section       72  tim.o(.bss)
    .bss                                     0x20000554   Section       96  libspace.o(.bss)
    HEAP                                     0x200005b8   Section      512  startup_stm32f103xb.o(HEAP)
    Heap_Mem                                 0x200005b8   Data         512  startup_stm32f103xb.o(HEAP)
    STACK                                    0x200007b8   Section     1024  startup_stm32f103xb.o(STACK)
    Stack_Mem                                0x200007b8   Data        1024  startup_stm32f103xb.o(STACK)
    __initial_sp                             0x20000bb8   Data           0  startup_stm32f103xb.o(STACK)

    Global Symbols

    Symbol Name                              Value     Ov Type        Size  Object(Section)

    BuildAttributes$$THM_ISAv4$P$D$K$B$S$PE$A:L22UL41UL21$X:L11$S22US41US21$IEEE1$IW$USESV6$~STKCKD$USESV7$~SHL$OTIME$ROPI$IEEEX$EBA8$UX$STANDARDLIB$REQ8$PRES8$EABIv2 0x00000000   Number         0  anon$$obj.o ABSOLUTE
    __ARM_use_no_argv                        0x00000000   Number         0  main.o ABSOLUTE
    _printf_flags                            0x00000000   Number         0  printf_stubs.o ABSOLUTE
    _printf_return_value                     0x00000000   Number         0  printf_stubs.o ABSOLUTE
    _printf_sizespec                         0x00000000   Number         0  printf_stubs.o ABSOLUTE
    _printf_widthprec                        0x00000000   Number         0  printf_stubs.o ABSOLUTE
    __ARM_exceptions_init                     - Undefined Weak Reference
    __alloca_initialize                       - Undefined Weak Reference
    __arm_fini_                               - Undefined Weak Reference
    __arm_preinit_                            - Undefined Weak Reference
    __cpp_initialize__aeabi_                  - Undefined Weak Reference
    __cxa_finalize                            - Undefined Weak Reference
    __sigvec_lookup                           - Undefined Weak Reference
    _atexit_init                              - Undefined Weak Reference
    _call_atexit_fns                          - Undefined Weak Reference
    _clock_init                               - Undefined Weak Reference
    _fp_trap_init                             - Undefined Weak Reference
    _fp_trap_shutdown                         - Undefined Weak Reference
    _get_lc_collate                           - Undefined Weak Reference
    _get_lc_ctype                             - Undefined Weak Reference
    _get_lc_monetary                          - Undefined Weak Reference
    _get_lc_time                              - Undefined Weak Reference
    _getenv_init                              - Undefined Weak Reference
    _handle_redirection                       - Undefined Weak Reference
    _init_alloc                               - Undefined Weak Reference
    _init_user_alloc                          - Undefined Weak Reference
    _initio                                   - Undefined Weak Reference
    _printf_post_padding                      - Undefined Weak Reference
    _printf_pre_padding                       - Undefined Weak Reference
    _rand_init                                - Undefined Weak Reference
    _signal_finish                            - Undefined Weak Reference
    _signal_init                              - Undefined Weak Reference
    _terminate_alloc                          - Undefined Weak Reference
    _terminate_user_alloc                     - Undefined Weak Reference
    _terminateio                              - Undefined Weak Reference
    __Vectors_Size                           0x000000ec   Number         0  startup_stm32f103xb.o ABSOLUTE
    __Vectors                                0x08000000   Data           4  startup_stm32f103xb.o(RESET)
    __Vectors_End                            0x080000ec   Data           0  startup_stm32f103xb.o(RESET)
    __main                                   0x080000ed   Thumb Code     8  __main.o(!!!main)
    __scatterload                            0x080000f5   Thumb Code     0  __scatter.o(!!!scatter)
    __scatterload_rt2                        0x080000f5   Thumb Code    44  __scatter.o(!!!scatter)
    __scatterload_rt2_thumb_only             0x080000f5   Thumb Code     0  __scatter.o(!!!scatter)
    __scatterload_null                       0x08000103   Thumb Code     0  __scatter.o(!!!scatter)
    __scatterload_copy                       0x08000129   Thumb Code    26  __scatter_copy.o(!!handler_copy)
    __scatterload_zeroinit                   0x08000145   Thumb Code    28  __scatter_zi.o(!!handler_zi)
    _printf_f                                0x08000161   Thumb Code     0  _printf_f.o(.ARM.Collect$$_printf_percent$$00000003)
    _printf_percent                          0x08000161   Thumb Code     0  _printf_percent.o(.ARM.Collect$$_printf_percent$$00000000)
    _printf_percent_end                      0x08000167   Thumb Code     0  _printf_percent_end.o(.ARM.Collect$$_printf_percent$$00000017)
    __rt_lib_init                            0x0800016b   Thumb Code     0  libinit.o(.ARM.Collect$$libinit$$00000000)
    __rt_lib_init_fp_1                       0x0800016d   Thumb Code     0  libinit2.o(.ARM.Collect$$libinit$$00000002)
    __rt_lib_init_heap_1                     0x0800016d   Thumb Code     0  libinit2.o(.ARM.Collect$$libinit$$0000000A)
    __rt_lib_init_lc_common                  0x0800016d   Thumb Code     0  libinit2.o(.ARM.Collect$$libinit$$0000000F)
    __rt_lib_init_preinit_1                  0x0800016d   Thumb Code     0  libinit2.o(.ARM.Collect$$libinit$$00000004)
    __rt_lib_init_rand_1                     0x0800016d   Thumb Code     0  libinit2.o(.ARM.Collect$$libinit$$0000000E)
    __rt_lib_init_user_alloc_1               0x0800016d   Thumb Code     0  libinit2.o(.ARM.Collect$$libinit$$0000000C)
    __rt_lib_init_lc_collate_1               0x08000173   Thumb Code     0  libinit2.o(.ARM.Collect$$libinit$$00000011)
    __rt_lib_init_lc_ctype_1                 0x08000173   Thumb Code     0  libinit2.o(.ARM.Collect$$libinit$$00000013)
    __rt_lib_init_lc_monetary_1              0x08000173   Thumb Code     0  libinit2.o(.ARM.Collect$$libinit$$00000015)
    __rt_lib_init_lc_numeric_2               0x08000173   Thumb Code     0  libinit2.o(.ARM.Collect$$libinit$$00000016)
    __rt_lib_init_alloca_1                   0x0800017d   Thumb Code     0  libinit2.o(.ARM.Collect$$libinit$$0000002E)
    __rt_lib_init_argv_1                     0x0800017d   Thumb Code     0  libinit2.o(.ARM.Collect$$libinit$$0000002C)
    __rt_lib_init_atexit_1                   0x0800017d   Thumb Code     0  libinit2.o(.ARM.Collect$$libinit$$0000001B)
    __rt_lib_init_clock_1                    0x0800017d   Thumb Code     0  libinit2.o(.ARM.Collect$$libinit$$00000021)
    __rt_lib_init_cpp_1                      0x0800017d   Thumb Code     0  libinit2.o(.ARM.Collect$$libinit$$00000032)
    __rt_lib_init_exceptions_1               0x0800017d   Thumb Code     0  libinit2.o(.ARM.Collect$$libinit$$00000030)
    __rt_lib_init_fp_trap_1                  0x0800017d   Thumb Code     0  libinit2.o(.ARM.Collect$$libinit$$0000001F)
    __rt_lib_init_getenv_1                   0x0800017d   Thumb Code     0  libinit2.o(.ARM.Collect$$libinit$$00000023)
    __rt_lib_init_lc_numeric_1               0x0800017d   Thumb Code     0  libinit2.o(.ARM.Collect$$libinit$$00000017)
    __rt_lib_init_lc_time_1                  0x0800017d   Thumb Code     0  libinit2.o(.ARM.Collect$$libinit$$00000019)
    __rt_lib_init_return                     0x0800017d   Thumb Code     0  libinit2.o(.ARM.Collect$$libinit$$00000033)
    __rt_lib_init_signal_1                   0x0800017d   Thumb Code     0  libinit2.o(.ARM.Collect$$libinit$$0000001D)
    __rt_lib_init_stdio_1                    0x0800017d   Thumb Code     0  libinit2.o(.ARM.Collect$$libinit$$00000025)
    __rt_lib_shutdown                        0x0800017f   Thumb Code     0  libshutdown.o(.ARM.Collect$$libshutdown$$00000000)
    __rt_lib_shutdown_cpp_1                  0x08000181   Thumb Code     0  libshutdown2.o(.ARM.Collect$$libshutdown$$00000004)
    __rt_lib_shutdown_fini_1                 0x08000181   Thumb Code     0  libshutdown2.o(.ARM.Collect$$libshutdown$$00000002)
    __rt_lib_shutdown_fp_trap_1              0x08000181   Thumb Code     0  libshutdown2.o(.ARM.Collect$$libshutdown$$00000009)
    __rt_lib_shutdown_heap_1                 0x08000181   Thumb Code     0  libshutdown2.o(.ARM.Collect$$libshutdown$$00000011)
    __rt_lib_shutdown_return                 0x08000181   Thumb Code     0  libshutdown2.o(.ARM.Collect$$libshutdown$$00000012)
    __rt_lib_shutdown_signal_1               0x08000181   Thumb Code     0  libshutdown2.o(.ARM.Collect$$libshutdown$$0000000C)
    __rt_lib_shutdown_stdio_1                0x08000181   Thumb Code     0  libshutdown2.o(.ARM.Collect$$libshutdown$$00000006)
    __rt_lib_shutdown_user_alloc_1           0x08000181   Thumb Code     0  libshutdown2.o(.ARM.Collect$$libshutdown$$0000000E)
    __rt_entry                               0x08000183   Thumb Code     0  __rtentry.o(.ARM.Collect$$rtentry$$00000000)
    __rt_entry_presh_1                       0x08000183   Thumb Code     0  __rtentry2.o(.ARM.Collect$$rtentry$$00000002)
    __rt_entry_sh                            0x08000183   Thumb Code     0  __rtentry4.o(.ARM.Collect$$rtentry$$00000004)
    __rt_entry_li                            0x08000189   Thumb Code     0  __rtentry2.o(.ARM.Collect$$rtentry$$0000000A)
    __rt_entry_postsh_1                      0x08000189   Thumb Code     0  __rtentry2.o(.ARM.Collect$$rtentry$$00000009)
    __rt_entry_main                          0x0800018d   Thumb Code     0  __rtentry2.o(.ARM.Collect$$rtentry$$0000000D)
    __rt_entry_postli_1                      0x0800018d   Thumb Code     0  __rtentry2.o(.ARM.Collect$$rtentry$$0000000C)
    __rt_exit                                0x08000195   Thumb Code     0  rtexit.o(.ARM.Collect$$rtexit$$00000000)
    __rt_exit_ls                             0x08000197   Thumb Code     0  rtexit2.o(.ARM.Collect$$rtexit$$00000003)
    __rt_exit_prels_1                        0x08000197   Thumb Code     0  rtexit2.o(.ARM.Collect$$rtexit$$00000002)
    __rt_exit_exit                           0x0800019b   Thumb Code     0  rtexit2.o(.ARM.Collect$$rtexit$$00000004)
    Reset_Handler                            0x080001a1   Thumb Code     8  startup_stm32f103xb.o(.text)
    CAN1_RX1_IRQHandler                      0x080001bb   Thumb Code     0  startup_stm32f103xb.o(.text)
    CAN1_SCE_IRQHandler                      0x080001bb   Thumb Code     0  startup_stm32f103xb.o(.text)
    DMA1_Channel2_IRQHandler                 0x080001bb   Thumb Code     0  startup_stm32f103xb.o(.text)
    DMA1_Channel3_IRQHandler                 0x080001bb   Thumb Code     0  startup_stm32f103xb.o(.text)
    DMA1_Channel4_IRQHandler                 0x080001bb   Thumb Code     0  startup_stm32f103xb.o(.text)
    DMA1_Channel5_IRQHandler                 0x080001bb   Thumb Code     0  startup_stm32f103xb.o(.text)
    DMA1_Channel6_IRQHandler                 0x080001bb   Thumb Code     0  startup_stm32f103xb.o(.text)
    DMA1_Channel7_IRQHandler                 0x080001bb   Thumb Code     0  startup_stm32f103xb.o(.text)
    EXTI0_IRQHandler                         0x080001bb   Thumb Code     0  startup_stm32f103xb.o(.text)
    EXTI15_10_IRQHandler                     0x080001bb   Thumb Code     0  startup_stm32f103xb.o(.text)
    EXTI1_IRQHandler                         0x080001bb   Thumb Code     0  startup_stm32f103xb.o(.text)
    EXTI2_IRQHandler                         0x080001bb   Thumb Code     0  startup_stm32f103xb.o(.text)
    EXTI3_IRQHandler                         0x080001bb   Thumb Code     0  startup_stm32f103xb.o(.text)
    EXTI4_IRQHandler                         0x080001bb   Thumb Code     0  startup_stm32f103xb.o(.text)
    EXTI9_5_IRQHandler                       0x080001bb   Thumb Code     0  startup_stm32f103xb.o(.text)
    FLASH_IRQHandler                         0x080001bb   Thumb Code     0  startup_stm32f103xb.o(.text)
    I2C1_ER_IRQHandler                       0x080001bb   Thumb Code     0  startup_stm32f103xb.o(.text)
    I2C1_EV_IRQHandler                       0x080001bb   Thumb Code     0  startup_stm32f103xb.o(.text)
    I2C2_ER_IRQHandler                       0x080001bb   Thumb Code     0  startup_stm32f103xb.o(.text)
    I2C2_EV_IRQHandler                       0x080001bb   Thumb Code     0  startup_stm32f103xb.o(.text)
    PVD_IRQHandler                           0x080001bb   Thumb Code     0  startup_stm32f103xb.o(.text)
    RCC_IRQHandler                           0x080001bb   Thumb Code     0  startup_stm32f103xb.o(.text)
    RTC_Alarm_IRQHandler                     0x080001bb   Thumb Code     0  startup_stm32f103xb.o(.text)
    RTC_IRQHandler                           0x080001bb   Thumb Code     0  startup_stm32f103xb.o(.text)
    SPI1_IRQHandler                          0x080001bb   Thumb Code     0  startup_stm32f103xb.o(.text)
    SPI2_IRQHandler                          0x080001bb   Thumb Code     0  startup_stm32f103xb.o(.text)
    TAMPER_IRQHandler                        0x080001bb   Thumb Code     0  startup_stm32f103xb.o(.text)
    TIM1_BRK_IRQHandler                      0x080001bb   Thumb Code     0  startup_stm32f103xb.o(.text)
    TIM1_CC_IRQHandler                       0x080001bb   Thumb Code     0  startup_stm32f103xb.o(.text)
    TIM1_TRG_COM_IRQHandler                  0x080001bb   Thumb Code     0  startup_stm32f103xb.o(.text)
    TIM1_UP_IRQHandler                       0x080001bb   Thumb Code     0  startup_stm32f103xb.o(.text)
    TIM2_IRQHandler                          0x080001bb   Thumb Code     0  startup_stm32f103xb.o(.text)
    TIM3_IRQHandler                          0x080001bb   Thumb Code     0  startup_stm32f103xb.o(.text)
    TIM4_IRQHandler                          0x080001bb   Thumb Code     0  startup_stm32f103xb.o(.text)
    USART1_IRQHandler                        0x080001bb   Thumb Code     0  startup_stm32f103xb.o(.text)
    USART2_IRQHandler                        0x080001bb   Thumb Code     0  startup_stm32f103xb.o(.text)
    USART3_IRQHandler                        0x080001bb   Thumb Code     0  startup_stm32f103xb.o(.text)
    USBWakeUp_IRQHandler                     0x080001bb   Thumb Code     0  startup_stm32f103xb.o(.text)
    USB_HP_CAN1_TX_IRQHandler                0x080001bb   Thumb Code     0  startup_stm32f103xb.o(.text)
    USB_LP_CAN1_RX0_IRQHandler               0x080001bb   Thumb Code     0  startup_stm32f103xb.o(.text)
    WWDG_IRQHandler                          0x080001bb   Thumb Code     0  startup_stm32f103xb.o(.text)
    __user_initial_stackheap                 0x080001bd   Thumb Code     0  startup_stm32f103xb.o(.text)
    __2snprintf                              0x080001e1   Thumb Code    48  noretval__2snprintf.o(.text)
    __printf                                 0x08000215   Thumb Code   308  __printf_flags_wp.o(.text)
    __aeabi_memset                           0x0800034d   Thumb Code    16  aeabi_memset.o(.text)
    __aeabi_memclr4                          0x0800035d   Thumb Code     0  rt_memclr_w.o(.text)
    __aeabi_memclr8                          0x0800035d   Thumb Code     0  rt_memclr_w.o(.text)
    __rt_memclr_w                            0x0800035d   Thumb Code    78  rt_memclr_w.o(.text)
    _memset_w                                0x08000361   Thumb Code     0  rt_memclr_w.o(.text)
    __use_two_region_memory                  0x080003ab   Thumb Code     2  heapauxi.o(.text)
    __rt_heap_escrow$2region                 0x080003ad   Thumb Code     2  heapauxi.o(.text)
    __rt_heap_expand$2region                 0x080003af   Thumb Code     2  heapauxi.o(.text)
    __lib_sel_fp_printf                      0x080003b1   Thumb Code     2  _printf_fp_dec.o(.text)
    _printf_fp_dec_real                      0x08000563   Thumb Code   620  _printf_fp_dec.o(.text)
    _printf_char_common                      0x080007db   Thumb Code    32  _printf_char_common.o(.text)
    _sputc                                   0x08000801   Thumb Code    10  _sputc.o(.text)
    _snputc                                  0x0800080b   Thumb Code    16  _snputc.o(.text)
    __aeabi_memclr                           0x0800081b   Thumb Code     0  rt_memclr.o(.text)
    __rt_memclr                              0x0800081b   Thumb Code    68  rt_memclr.o(.text)
    _memset                                  0x0800081f   Thumb Code     0  rt_memclr.o(.text)
    __rt_locale                              0x08000861   Thumb Code     8  rt_locale_intlibspace.o(.text)
    _ll_udiv10                               0x08000869   Thumb Code   138  lludiv10.o(.text)
    _printf_fp_infnan                        0x080008f5   Thumb Code   112  _printf_fp_infnan.o(.text)
    _btod_etento                             0x08000975   Thumb Code   224  bigflt0.o(.text)
    __user_libspace                          0x08000a59   Thumb Code     8  libspace.o(.text)
    __user_perproc_libspace                  0x08000a59   Thumb Code     0  libspace.o(.text)
    __user_perthread_libspace                0x08000a59   Thumb Code     0  libspace.o(.text)
    __user_setup_stackheap                   0x08000a61   Thumb Code    74  sys_stackheap_outer.o(.text)
    exit                                     0x08000aab   Thumb Code    18  exit.o(.text)
    strcmp                                   0x08000abd   Thumb Code   128  strcmpv7m.o(.text)
    _sys_exit                                0x08000b3d   Thumb Code     8  sys_exit.o(.text)
    __I$use$semihosting                      0x08000b49   Thumb Code     0  use_no_semi.o(.text)
    __use_no_semihosting_swi                 0x08000b49   Thumb Code     2  use_no_semi.o(.text)
    __semihosting_library_function           0x08000b4b   Thumb Code     0  indicate_semi.o(.text)
    _btod_d2e                                0x08000b4b   Thumb Code    62  btod.o(CL$$btod_d2e)
    _d2e_denorm_low                          0x08000b89   Thumb Code    70  btod.o(CL$$btod_d2e_denorm_low)
    _d2e_norm_op1                            0x08000bcf   Thumb Code    96  btod.o(CL$$btod_d2e_norm_op1)
    __btod_div_common                        0x08000c2f   Thumb Code   696  btod.o(CL$$btod_div_common)
    _e2e                                     0x08000f67   Thumb Code   220  btod.o(CL$$btod_e2e)
    _btod_ediv                               0x08001043   Thumb Code    42  btod.o(CL$$btod_ediv)
    _btod_emul                               0x0800106d   Thumb Code    42  btod.o(CL$$btod_emul)
    __btod_mult_common                       0x08001097   Thumb Code   580  btod.o(CL$$btod_mult_common)
    ADC1_2_IRQHandler                        0x080012dd   Thumb Code     6  stm32f1xx_it.o(i.ADC1_2_IRQHandler)
    ADC_ConversionStop_Disable               0x080012e9   Thumb Code    86  stm32f1xx_hal_adc.o(i.ADC_ConversionStop_Disable)
    ADC_DMAConvCplt                          0x0800133f   Thumb Code    78  stm32f1xx_hal_adc.o(i.ADC_DMAConvCplt)
    ADC_DMAError                             0x0800138d   Thumb Code    26  stm32f1xx_hal_adc.o(i.ADC_DMAError)
    ADC_DMAHalfConvCplt                      0x080013a7   Thumb Code    10  stm32f1xx_hal_adc.o(i.ADC_DMAHalfConvCplt)
    ADC_Enable                               0x080013b1   Thumb Code   114  stm32f1xx_hal_adc.o(i.ADC_Enable)
    BusFault_Handler                         0x0800142d   Thumb Code     2  stm32f1xx_it.o(i.BusFault_Handler)
    DMA1_Channel1_IRQHandler                 0x08001431   Thumb Code     6  stm32f1xx_it.o(i.DMA1_Channel1_IRQHandler)
    DebugMon_Handler                         0x08001467   Thumb Code     2  stm32f1xx_it.o(i.DebugMon_Handler)
    Error_Handler                            0x08001469   Thumb Code     4  main.o(i.Error_Handler)
    HAL_ADCEx_InjectedConvCpltCallback       0x0800146d   Thumb Code     2  stm32f1xx_hal_adc_ex.o(i.HAL_ADCEx_InjectedConvCpltCallback)
    HAL_ADC_AnalogWDGConfig                  0x08001471   Thumb Code    82  stm32f1xx_hal_adc.o(i.HAL_ADC_AnalogWDGConfig)
    HAL_ADC_ConfigChannel                    0x080014c9   Thumb Code   240  stm32f1xx_hal_adc.o(i.HAL_ADC_ConfigChannel)
    HAL_ADC_ConvCpltCallback                 0x080015c5   Thumb Code     2  stm32f1xx_hal_adc.o(i.HAL_ADC_ConvCpltCallback)
    HAL_ADC_ConvHalfCpltCallback             0x080015c7   Thumb Code     2  stm32f1xx_hal_adc.o(i.HAL_ADC_ConvHalfCpltCallback)
    HAL_ADC_ErrorCallback                    0x080015c9   Thumb Code     2  stm32f1xx_hal_adc.o(i.HAL_ADC_ErrorCallback)
    HAL_ADC_IRQHandler                       0x080015cb   Thumb Code   220  stm32f1xx_hal_adc.o(i.HAL_ADC_IRQHandler)
    HAL_ADC_Init                             0x080016a9   Thumb Code   272  stm32f1xx_hal_adc.o(i.HAL_ADC_Init)
    HAL_ADC_LevelOutOfWindowCallback         0x080017c5   Thumb Code     2  stm32f1xx_hal_adc.o(i.HAL_ADC_LevelOutOfWindowCallback)
    HAL_ADC_MspInit                          0x080017c9   Thumb Code   138  adc.o(i.HAL_ADC_MspInit)
    HAL_ADC_Start_DMA                        0x08001869   Thumb Code   246  stm32f1xx_hal_adc.o(i.HAL_ADC_Start_DMA)
    HAL_DMA_IRQHandler                       0x08001975   Thumb Code   316  stm32f1xx_hal_dma.o(i.HAL_DMA_IRQHandler)
    HAL_DMA_Init                             0x08001ac9   Thumb Code    84  stm32f1xx_hal_dma.o(i.HAL_DMA_Init)
    HAL_DMA_Start_IT                         0x08001b25   Thumb Code   112  stm32f1xx_hal_dma.o(i.HAL_DMA_Start_IT)
    HAL_Delay                                0x08001b95   Thumb Code    32  stm32f1xx_hal.o(i.HAL_Delay)
    HAL_GPIO_Init                            0x08001bb9   Thumb Code   446  stm32f1xx_hal_gpio.o(i.HAL_GPIO_Init)
    HAL_GPIO_WritePin                        0x08001d99   Thumb Code    10  stm32f1xx_hal_gpio.o(i.HAL_GPIO_WritePin)
    HAL_GetTick                              0x08001da5   Thumb Code     6  stm32f1xx_hal.o(i.HAL_GetTick)
    HAL_I2C_Init                             0x08001db1   Thumb Code   376  stm32f1xx_hal_i2c.o(i.HAL_I2C_Init)
    HAL_I2C_Mem_Write                        0x08001f39   Thumb Code   294  stm32f1xx_hal_i2c.o(i.HAL_I2C_Mem_Write)
    HAL_I2C_MspInit                          0x08002069   Thumb Code    80  i2c.o(i.HAL_I2C_MspInit)
    HAL_IncTick                              0x080020c5   Thumb Code    12  stm32f1xx_hal.o(i.HAL_IncTick)
    HAL_Init                                 0x080020d5   Thumb Code    32  stm32f1xx_hal.o(i.HAL_Init)
    HAL_InitTick                             0x080020f9   Thumb Code    54  stm32f1xx_hal.o(i.HAL_InitTick)
    HAL_MspInit                              0x08002139   Thumb Code    52  stm32f1xx_hal_msp.o(i.HAL_MspInit)
    HAL_NVIC_EnableIRQ                       0x08002175   Thumb Code    26  stm32f1xx_hal_cortex.o(i.HAL_NVIC_EnableIRQ)
    HAL_NVIC_SetPriority                     0x08002191   Thumb Code    60  stm32f1xx_hal_cortex.o(i.HAL_NVIC_SetPriority)
    HAL_NVIC_SetPriorityGrouping             0x080021d1   Thumb Code    26  stm32f1xx_hal_cortex.o(i.HAL_NVIC_SetPriorityGrouping)
    HAL_RCCEx_PeriphCLKConfig                0x080021f5   Thumb Code   224  stm32f1xx_hal_rcc_ex.o(i.HAL_RCCEx_PeriphCLKConfig)
    HAL_RCC_ClockConfig                      0x080022e1   Thumb Code   280  stm32f1xx_hal_rcc.o(i.HAL_RCC_ClockConfig)
    HAL_RCC_GetPCLK1Freq                     0x0800240d   Thumb Code    20  stm32f1xx_hal_rcc.o(i.HAL_RCC_GetPCLK1Freq)
    HAL_RCC_GetSysClockFreq                  0x0800242d   Thumb Code    58  stm32f1xx_hal_rcc.o(i.HAL_RCC_GetSysClockFreq)
    HAL_RCC_OscConfig                        0x08002479   Thumb Code   778  stm32f1xx_hal_rcc.o(i.HAL_RCC_OscConfig)
    HAL_SYSTICK_Config                       0x08002799   Thumb Code    40  stm32f1xx_hal_cortex.o(i.HAL_SYSTICK_Config)
    HAL_TIMEx_ConfigBreakDeadTime            0x080027c1   Thumb Code    84  stm32f1xx_hal_tim_ex.o(i.HAL_TIMEx_ConfigBreakDeadTime)
    HAL_TIMEx_MasterConfigSynchronization    0x08002815   Thumb Code    92  stm32f1xx_hal_tim_ex.o(i.HAL_TIMEx_MasterConfigSynchronization)
    HAL_TIM_PWM_ConfigChannel                0x0800287d   Thumb Code   204  stm32f1xx_hal_tim.o(i.HAL_TIM_PWM_ConfigChannel)
    HAL_TIM_PWM_Init                         0x08002949   Thumb Code    90  stm32f1xx_hal_tim.o(i.HAL_TIM_PWM_Init)
    HAL_TIM_PWM_MspInit                      0x080029a5   Thumb Code    30  tim.o(i.HAL_TIM_PWM_MspInit)
    HardFault_Handler                        0x080029cd   Thumb Code     2  stm32f1xx_it.o(i.HardFault_Handler)
    MX_ADC1_Init                             0x08002ca1   Thumb Code   132  adc.o(i.MX_ADC1_Init)
    MX_DMA_Init                              0x08002d31   Thumb Code    40  dma.o(i.MX_DMA_Init)
    MX_GPIO_Init                             0x08002d5d   Thumb Code   156  gpio.o(i.MX_GPIO_Init)
    MX_I2C1_Init                             0x08002e05   Thumb Code    50  i2c.o(i.MX_I2C1_Init)
    MX_TIM1_Init                             0x08002e45   Thumb Code   148  tim.o(i.MX_TIM1_Init)
    MemManage_Handler                        0x08002ee1   Thumb Code     2  stm32f1xx_it.o(i.MemManage_Handler)
    NMI_Handler                              0x08002ee3   Thumb Code     2  stm32f1xx_it.o(i.NMI_Handler)
    OLED_Init                                0x08002ee5   Thumb Code    16  oled.o(i.OLED_Init)
    OLED_ShowMetrics                         0x08002ef5   Thumb Code   288  oled.o(i.OLED_ShowMetrics)
    PendSV_Handler                           0x08003081   Thumb Code     2  stm32f1xx_it.o(i.PendSV_Handler)
    SVC_Handler                              0x08003083   Thumb Code     2  stm32f1xx_it.o(i.SVC_Handler)
    SysTick_Handler                          0x08003085   Thumb Code     4  stm32f1xx_it.o(i.SysTick_Handler)
    SystemClock_Config                       0x08003089   Thumb Code   120  main.o(i.SystemClock_Config)
    SystemInit                               0x08003101   Thumb Code     2  system_stm32f1xx.o(i.SystemInit)
    TIM_Base_SetConfig                       0x08003105   Thumb Code   108  stm32f1xx_hal_tim.o(i.TIM_Base_SetConfig)
    TIM_OC2_SetConfig                        0x080031cd   Thumb Code    84  stm32f1xx_hal_tim.o(i.TIM_OC2_SetConfig)
    UsageFault_Handler                       0x080032c1   Thumb Code     2  stm32f1xx_it.o(i.UsageFault_Handler)
    __ARM_fpclassify                         0x080032c3   Thumb Code    40  fpclassify.o(i.__ARM_fpclassify)
    _is_digit                                0x0800330b   Thumb Code    14  __printf_wp.o(i._is_digit)
    main                                     0x08003319   Thumb Code   342  main.o(i.main)
    ssd1306_DrawPixel                        0x080034a1   Thumb Code    42  ssd1306.o(i.ssd1306_DrawPixel)
    ssd1306_Fill                             0x080034d1   Thumb Code    18  ssd1306.o(i.ssd1306_Fill)
    ssd1306_Init                             0x080034e9   Thumb Code   194  ssd1306.o(i.ssd1306_Init)
    ssd1306_SetContrast                      0x080035b1   Thumb Code    20  ssd1306.o(i.ssd1306_SetContrast)
    ssd1306_SetCursor                        0x080035c5   Thumb Code     8  ssd1306.o(i.ssd1306_SetCursor)
    ssd1306_SetDisplayOn                     0x080035d1   Thumb Code    20  ssd1306.o(i.ssd1306_SetDisplayOn)
    ssd1306_UpdateScreen                     0x080035e9   Thumb Code    50  ssd1306.o(i.ssd1306_UpdateScreen)
    ssd1306_WriteChar                        0x08003621   Thumb Code   162  ssd1306.o(i.ssd1306_WriteChar)
    ssd1306_WriteCommand                     0x080036c9   Thumb Code    32  ssd1306.o(i.ssd1306_WriteCommand)
    ssd1306_WriteData                        0x080036ed   Thumb Code    26  ssd1306.o(i.ssd1306_WriteData)
    ssd1306_WriteString                      0x0800370d   Thumb Code    52  ssd1306.o(i.ssd1306_WriteString)
    _get_lc_numeric                          0x08003741   Thumb Code    44  lc_numeric_c.o(locale$$code)
    __fpl_dretinf                            0x0800376d   Thumb Code    12  dretinf.o(x$fpl$dretinf)
    __aeabi_f2d                              0x08003779   Thumb Code     0  f2d.o(x$fpl$f2d)
    _f2d                                     0x08003779   Thumb Code    86  f2d.o(x$fpl$f2d)
    __aeabi_fadd                             0x080037d1   Thumb Code     0  faddsub_clz.o(x$fpl$fadd)
    _fadd                                    0x080037d1   Thumb Code   196  faddsub_clz.o(x$fpl$fadd)
    __aeabi_fdiv                             0x08003895   Thumb Code     0  fdiv.o(x$fpl$fdiv)
    _fdiv                                    0x08003895   Thumb Code   384  fdiv.o(x$fpl$fdiv)
    __aeabi_ui2f                             0x08003a19   Thumb Code     0  fflt_clz.o(x$fpl$ffltu)
    _ffltu                                   0x08003a19   Thumb Code    38  fflt_clz.o(x$fpl$ffltu)
    __aeabi_fmul                             0x08003a41   Thumb Code     0  fmul.o(x$fpl$fmul)
    _fmul                                    0x08003a41   Thumb Code   258  fmul.o(x$fpl$fmul)
    __fpl_fnaninf                            0x08003b43   Thumb Code   140  fnaninf.o(x$fpl$fnaninf)
    __fpl_fretinf                            0x08003bcf   Thumb Code    10  fretinf.o(x$fpl$fretinf)
    __aeabi_frsub                            0x08003bd9   Thumb Code     0  faddsub_clz.o(x$fpl$frsb)
    _frsb                                    0x08003bd9   Thumb Code    20  faddsub_clz.o(x$fpl$frsb)
    __aeabi_fsub                             0x08003bed   Thumb Code     0  faddsub_clz.o(x$fpl$fsub)
    _fsub                                    0x08003bed   Thumb Code   234  faddsub_clz.o(x$fpl$fsub)
    _printf_fp_dec                           0x08003cd7   Thumb Code     4  printf1.o(x$fpl$printf1)
    __I$use$fp                               0x08003cda   Number         0  usenofp.o(x$fpl$usenofp)
    Font_6x8                                 0x080042cc   Data          12  ssd1306_fonts.o(.constdata)
    AHBPrescTable                            0x080042ea   Data          16  system_stm32f1xx.o(.constdata)
    APBPrescTable                            0x080042fa   Data           8  system_stm32f1xx.o(.constdata)
    Region$$Table$$Base                      0x080043a8   Number         0  anon$$obj.o(Region$$Table)
    Region$$Table$$Limit                     0x080043c8   Number         0  anon$$obj.o(Region$$Table)
    op_amp_gain                              0x20000008   Data           4  main.o(.data)
    shunt_resistance                         0x2000000c   Data           4  main.o(.data)
    Charge_Ah                                0x20000010   Data           4  main.o(.data)
    SoC                                      0x20000014   Data           4  main.o(.data)
    adc_buffer                               0x20000018   Data           4  main.o(.data)
    vpin                                     0x2000001c   Data           4  main.o(.data)
    vbat                                     0x20000020   Data           4  main.o(.data)
    Ibat                                     0x20000024   Data           4  main.o(.data)
    Power                                    0x20000028   Data           4  main.o(.data)
    Accumulated_Energy                       0x2000002c   Data           4  main.o(.data)
    last_update_ms                           0x20000030   Data           4  main.o(.data)
    uwTickFreq                               0x20000034   Data           1  stm32f1xx_hal.o(.data)
    uwTickPrio                               0x20000038   Data           4  stm32f1xx_hal.o(.data)
    uwTick                                   0x2000003c   Data           4  stm32f1xx_hal.o(.data)
    SystemCoreClock                          0x20000040   Data           4  system_stm32f1xx.o(.data)
    hadc1                                    0x20000444   Data          48  adc.o(.bss)
    hdma_adc1                                0x20000474   Data          68  adc.o(.bss)
    hi2c1                                    0x200004b8   Data          84  i2c.o(.bss)
    htim1                                    0x2000050c   Data          72  tim.o(.bss)
    __libspace_start                         0x20000554   Data          96  libspace.o(.bss)
    __temporary_stack_top$libspace           0x200005b4   Data           0  libspace.o(.bss)



==============================================================================

Memory Map of the image

  Image Entry point : 0x080000ed

  Load Region LR_IROM1 (Base: 0x08000000, Size: 0x00004428, Max: 0x00010000, ABSOLUTE)

    Execution Region ER_IROM1 (Exec base: 0x08000000, Load base: 0x08000000, Size: 0x000043e4, Max: 0x00010000, ABSOLUTE)

    Exec Addr    Load Addr    Size         Type   Attr      Idx    E Section Name        Object

    0x08000000   0x08000000   0x000000ec   Data   RO            3    RESET               startup_stm32f103xb.o
    0x080000ec   0x080000ec   0x00000008   Code   RO         3504  * !!!main             c_w.l(__main.o)
    0x080000f4   0x080000f4   0x00000034   Code   RO         3806    !!!scatter          c_w.l(__scatter.o)
    0x08000128   0x08000128   0x0000001a   Code   RO         3808    !!handler_copy      c_w.l(__scatter_copy.o)
    0x08000142   0x08000142   0x00000002   PAD
    0x08000144   0x08000144   0x0000001c   Code   RO         3810    !!handler_zi        c_w.l(__scatter_zi.o)
    0x08000160   0x08000160   0x00000000   Code   RO         3495    .ARM.Collect$$_printf_percent$$00000000  c_w.l(_printf_percent.o)
    0x08000160   0x08000160   0x00000006   Code   RO         3494    .ARM.Collect$$_printf_percent$$00000003  c_w.l(_printf_f.o)
    0x08000166   0x08000166   0x00000004   Code   RO         3559    .ARM.Collect$$_printf_percent$$00000017  c_w.l(_printf_percent_end.o)
    0x0800016a   0x0800016a   0x00000002   Code   RO         3671    .ARM.Collect$$libinit$$00000000  c_w.l(libinit.o)
    0x0800016c   0x0800016c   0x00000000   Code   RO         3673    .ARM.Collect$$libinit$$00000002  c_w.l(libinit2.o)
    0x0800016c   0x0800016c   0x00000000   Code   RO         3675    .ARM.Collect$$libinit$$00000004  c_w.l(libinit2.o)
    0x0800016c   0x0800016c   0x00000000   Code   RO         3678    .ARM.Collect$$libinit$$0000000A  c_w.l(libinit2.o)
    0x0800016c   0x0800016c   0x00000000   Code   RO         3680    .ARM.Collect$$libinit$$0000000C  c_w.l(libinit2.o)
    0x0800016c   0x0800016c   0x00000000   Code   RO         3682    .ARM.Collect$$libinit$$0000000E  c_w.l(libinit2.o)
    0x0800016c   0x0800016c   0x00000006   Code   RO         3683    .ARM.Collect$$libinit$$0000000F  c_w.l(libinit2.o)
    0x08000172   0x08000172   0x00000000   Code   RO         3685    .ARM.Collect$$libinit$$00000011  c_w.l(libinit2.o)
    0x08000172   0x08000172   0x00000000   Code   RO         3687    .ARM.Collect$$libinit$$00000013  c_w.l(libinit2.o)
    0x08000172   0x08000172   0x00000000   Code   RO         3689    .ARM.Collect$$libinit$$00000015  c_w.l(libinit2.o)
    0x08000172   0x08000172   0x0000000a   Code   RO         3690    .ARM.Collect$$libinit$$00000016  c_w.l(libinit2.o)
    0x0800017c   0x0800017c   0x00000000   Code   RO         3691    .ARM.Collect$$libinit$$00000017  c_w.l(libinit2.o)
    0x0800017c   0x0800017c   0x00000000   Code   RO         3693    .ARM.Collect$$libinit$$00000019  c_w.l(libinit2.o)
    0x0800017c   0x0800017c   0x00000000   Code   RO         3695    .ARM.Collect$$libinit$$0000001B  c_w.l(libinit2.o)
    0x0800017c   0x0800017c   0x00000000   Code   RO         3697    .ARM.Collect$$libinit$$0000001D  c_w.l(libinit2.o)
    0x0800017c   0x0800017c   0x00000000   Code   RO         3699    .ARM.Collect$$libinit$$0000001F  c_w.l(libinit2.o)
    0x0800017c   0x0800017c   0x00000000   Code   RO         3701    .ARM.Collect$$libinit$$00000021  c_w.l(libinit2.o)
    0x0800017c   0x0800017c   0x00000000   Code   RO         3703    .ARM.Collect$$libinit$$00000023  c_w.l(libinit2.o)
    0x0800017c   0x0800017c   0x00000000   Code   RO         3705    .ARM.Collect$$libinit$$00000025  c_w.l(libinit2.o)
    0x0800017c   0x0800017c   0x00000000   Code   RO         3709    .ARM.Collect$$libinit$$0000002C  c_w.l(libinit2.o)
    0x0800017c   0x0800017c   0x00000000   Code   RO         3711    .ARM.Collect$$libinit$$0000002E  c_w.l(libinit2.o)
    0x0800017c   0x0800017c   0x00000000   Code   RO         3713    .ARM.Collect$$libinit$$00000030  c_w.l(libinit2.o)
    0x0800017c   0x0800017c   0x00000000   Code   RO         3715    .ARM.Collect$$libinit$$00000032  c_w.l(libinit2.o)
    0x0800017c   0x0800017c   0x00000002   Code   RO         3716    .ARM.Collect$$libinit$$00000033  c_w.l(libinit2.o)
    0x0800017e   0x0800017e   0x00000002   Code   RO         3752    .ARM.Collect$$libshutdown$$00000000  c_w.l(libshutdown.o)
    0x08000180   0x08000180   0x00000000   Code   RO         3763    .ARM.Collect$$libshutdown$$00000002  c_w.l(libshutdown2.o)
    0x08000180   0x08000180   0x00000000   Code   RO         3765    .ARM.Collect$$libshutdown$$00000004  c_w.l(libshutdown2.o)
    0x08000180   0x08000180   0x00000000   Code   RO         3767    .ARM.Collect$$libshutdown$$00000006  c_w.l(libshutdown2.o)
    0x08000180   0x08000180   0x00000000   Code   RO         3770    .ARM.Collect$$libshutdown$$00000009  c_w.l(libshutdown2.o)
    0x08000180   0x08000180   0x00000000   Code   RO         3773    .ARM.Collect$$libshutdown$$0000000C  c_w.l(libshutdown2.o)
    0x08000180   0x08000180   0x00000000   Code   RO         3775    .ARM.Collect$$libshutdown$$0000000E  c_w.l(libshutdown2.o)
    0x08000180   0x08000180   0x00000000   Code   RO         3778    .ARM.Collect$$libshutdown$$00000011  c_w.l(libshutdown2.o)
    0x08000180   0x08000180   0x00000002   Code   RO         3779    .ARM.Collect$$libshutdown$$00000012  c_w.l(libshutdown2.o)
    0x08000182   0x08000182   0x00000000   Code   RO         3548    .ARM.Collect$$rtentry$$00000000  c_w.l(__rtentry.o)
    0x08000182   0x08000182   0x00000000   Code   RO         3593    .ARM.Collect$$rtentry$$00000002  c_w.l(__rtentry2.o)
    0x08000182   0x08000182   0x00000006   Code   RO         3605    .ARM.Collect$$rtentry$$00000004  c_w.l(__rtentry4.o)
    0x08000188   0x08000188   0x00000000   Code   RO         3595    .ARM.Collect$$rtentry$$00000009  c_w.l(__rtentry2.o)
    0x08000188   0x08000188   0x00000004   Code   RO         3596    .ARM.Collect$$rtentry$$0000000A  c_w.l(__rtentry2.o)
    0x0800018c   0x0800018c   0x00000000   Code   RO         3598    .ARM.Collect$$rtentry$$0000000C  c_w.l(__rtentry2.o)
    0x0800018c   0x0800018c   0x00000008   Code   RO         3599    .ARM.Collect$$rtentry$$0000000D  c_w.l(__rtentry2.o)
    0x08000194   0x08000194   0x00000002   Code   RO         3719    .ARM.Collect$$rtexit$$00000000  c_w.l(rtexit.o)
    0x08000196   0x08000196   0x00000000   Code   RO         3728    .ARM.Collect$$rtexit$$00000002  c_w.l(rtexit2.o)
    0x08000196   0x08000196   0x00000004   Code   RO         3729    .ARM.Collect$$rtexit$$00000003  c_w.l(rtexit2.o)
    0x0800019a   0x0800019a   0x00000006   Code   RO         3730    .ARM.Collect$$rtexit$$00000004  c_w.l(rtexit2.o)
    0x080001a0   0x080001a0   0x00000040   Code   RO            4    .text               startup_stm32f103xb.o
    0x080001e0   0x080001e0   0x00000034   Code   RO         3470    .text               c_w.l(noretval__2snprintf.o)
    0x08000214   0x08000214   0x00000138   Code   RO         3486    .text               c_w.l(__printf_flags_wp.o)
    0x0800034c   0x0800034c   0x00000010   Code   RO         3498    .text               c_w.l(aeabi_memset.o)
    0x0800035c   0x0800035c   0x0000004e   Code   RO         3500    .text               c_w.l(rt_memclr_w.o)
    0x080003aa   0x080003aa   0x00000006   Code   RO         3502    .text               c_w.l(heapauxi.o)
    0x080003b0   0x080003b0   0x0000041e   Code   RO         3551    .text               c_w.l(_printf_fp_dec.o)
    0x080007ce   0x080007ce   0x00000002   PAD
    0x080007d0   0x080007d0   0x00000030   Code   RO         3553    .text               c_w.l(_printf_char_common.o)
    0x08000800   0x08000800   0x0000000a   Code   RO         3555    .text               c_w.l(_sputc.o)
    0x0800080a   0x0800080a   0x00000010   Code   RO         3557    .text               c_w.l(_snputc.o)
    0x0800081a   0x0800081a   0x00000044   Code   RO         3562    .text               c_w.l(rt_memclr.o)
    0x0800085e   0x0800085e   0x00000002   PAD
    0x08000860   0x08000860   0x00000008   Code   RO         3610    .text               c_w.l(rt_locale_intlibspace.o)
    0x08000868   0x08000868   0x0000008a   Code   RO         3617    .text               c_w.l(lludiv10.o)
    0x080008f2   0x080008f2   0x00000002   PAD
    0x080008f4   0x080008f4   0x00000080   Code   RO         3619    .text               c_w.l(_printf_fp_infnan.o)
    0x08000974   0x08000974   0x000000e4   Code   RO         3623    .text               c_w.l(bigflt0.o)
    0x08000a58   0x08000a58   0x00000008   Code   RO         3657    .text               c_w.l(libspace.o)
    0x08000a60   0x08000a60   0x0000004a   Code   RO         3660    .text               c_w.l(sys_stackheap_outer.o)
    0x08000aaa   0x08000aaa   0x00000012   Code   RO         3662    .text               c_w.l(exit.o)
    0x08000abc   0x08000abc   0x00000080   Code   RO         3664    .text               c_w.l(strcmpv7m.o)
    0x08000b3c   0x08000b3c   0x0000000c   Code   RO         3742    .text               c_w.l(sys_exit.o)
    0x08000b48   0x08000b48   0x00000002   Code   RO         3753    .text               c_w.l(use_no_semi.o)
    0x08000b4a   0x08000b4a   0x00000000   Code   RO         3755    .text               c_w.l(indicate_semi.o)
    0x08000b4a   0x08000b4a   0x0000003e   Code   RO         3626    CL$$btod_d2e        c_w.l(btod.o)
    0x08000b88   0x08000b88   0x00000046   Code   RO         3628    CL$$btod_d2e_denorm_low  c_w.l(btod.o)
    0x08000bce   0x08000bce   0x00000060   Code   RO         3627    CL$$btod_d2e_norm_op1  c_w.l(btod.o)
    0x08000c2e   0x08000c2e   0x00000338   Code   RO         3636    CL$$btod_div_common  c_w.l(btod.o)
    0x08000f66   0x08000f66   0x000000dc   Code   RO         3633    CL$$btod_e2e        c_w.l(btod.o)
    0x08001042   0x08001042   0x0000002a   Code   RO         3630    CL$$btod_ediv       c_w.l(btod.o)
    0x0800106c   0x0800106c   0x0000002a   Code   RO         3629    CL$$btod_emul       c_w.l(btod.o)
    0x08001096   0x08001096   0x00000244   Code   RO         3635    CL$$btod_mult_common  c_w.l(btod.o)
    0x080012da   0x080012da   0x00000002   PAD
    0x080012dc   0x080012dc   0x0000000c   Code   RO          618    i.ADC1_2_IRQHandler  stm32f1xx_it.o
    0x080012e8   0x080012e8   0x00000056   Code   RO          766    i.ADC_ConversionStop_Disable  stm32f1xx_hal_adc.o
    0x0800133e   0x0800133e   0x0000004e   Code   RO          767    i.ADC_DMAConvCplt   stm32f1xx_hal_adc.o
    0x0800138c   0x0800138c   0x0000001a   Code   RO          768    i.ADC_DMAError      stm32f1xx_hal_adc.o
    0x080013a6   0x080013a6   0x0000000a   Code   RO          769    i.ADC_DMAHalfConvCplt  stm32f1xx_hal_adc.o
    0x080013b0   0x080013b0   0x0000007c   Code   RO          770    i.ADC_Enable        stm32f1xx_hal_adc.o
    0x0800142c   0x0800142c   0x00000002   Code   RO          619    i.BusFault_Handler  stm32f1xx_it.o
    0x0800142e   0x0800142e   0x00000002   PAD
    0x08001430   0x08001430   0x0000000c   Code   RO          620    i.DMA1_Channel1_IRQHandler  stm32f1xx_it.o
    0x0800143c   0x0800143c   0x0000002a   Code   RO         1422    i.DMA_SetConfig     stm32f1xx_hal_dma.o
    0x08001466   0x08001466   0x00000002   Code   RO          621    i.DebugMon_Handler  stm32f1xx_it.o
    0x08001468   0x08001468   0x00000004   Code   RO          375    i.Error_Handler     main.o
    0x0800146c   0x0800146c   0x00000002   Code   RO          948    i.HAL_ADCEx_InjectedConvCpltCallback  stm32f1xx_hal_adc_ex.o
    0x0800146e   0x0800146e   0x00000002   PAD
    0x08001470   0x08001470   0x00000058   Code   RO          771    i.HAL_ADC_AnalogWDGConfig  stm32f1xx_hal_adc.o
    0x080014c8   0x080014c8   0x000000fc   Code   RO          772    i.HAL_ADC_ConfigChannel  stm32f1xx_hal_adc.o
    0x080015c4   0x080015c4   0x00000002   Code   RO          773    i.HAL_ADC_ConvCpltCallback  stm32f1xx_hal_adc.o
    0x080015c6   0x080015c6   0x00000002   Code   RO          774    i.HAL_ADC_ConvHalfCpltCallback  stm32f1xx_hal_adc.o
    0x080015c8   0x080015c8   0x00000002   Code   RO          776    i.HAL_ADC_ErrorCallback  stm32f1xx_hal_adc.o
    0x080015ca   0x080015ca   0x000000dc   Code   RO          780    i.HAL_ADC_IRQHandler  stm32f1xx_hal_adc.o
    0x080016a6   0x080016a6   0x00000002   PAD
    0x080016a8   0x080016a8   0x0000011c   Code   RO          781    i.HAL_ADC_Init      stm32f1xx_hal_adc.o
    0x080017c4   0x080017c4   0x00000002   Code   RO          782    i.HAL_ADC_LevelOutOfWindowCallback  stm32f1xx_hal_adc.o
    0x080017c6   0x080017c6   0x00000002   PAD
    0x080017c8   0x080017c8   0x000000a0   Code   RO          469    i.HAL_ADC_MspInit   adc.o
    0x08001868   0x08001868   0x0000010c   Code   RO          788    i.HAL_ADC_Start_DMA  stm32f1xx_hal_adc.o
    0x08001974   0x08001974   0x00000154   Code   RO         1428    i.HAL_DMA_IRQHandler  stm32f1xx_hal_dma.o
    0x08001ac8   0x08001ac8   0x0000005c   Code   RO         1429    i.HAL_DMA_Init      stm32f1xx_hal_dma.o
    0x08001b24   0x08001b24   0x00000070   Code   RO         1433    i.HAL_DMA_Start_IT  stm32f1xx_hal_dma.o
    0x08001b94   0x08001b94   0x00000024   Code   RO         1049    i.HAL_Delay         stm32f1xx_hal.o
    0x08001bb8   0x08001bb8   0x000001e0   Code   RO         1359    i.HAL_GPIO_Init     stm32f1xx_hal_gpio.o
    0x08001d98   0x08001d98   0x0000000a   Code   RO         1363    i.HAL_GPIO_WritePin  stm32f1xx_hal_gpio.o
    0x08001da2   0x08001da2   0x00000002   PAD
    0x08001da4   0x08001da4   0x0000000c   Code   RO         1053    i.HAL_GetTick       stm32f1xx_hal.o
    0x08001db0   0x08001db0   0x00000188   Code   RO         2030    i.HAL_I2C_Init      stm32f1xx_hal_i2c.o
    0x08001f38   0x08001f38   0x00000130   Code   RO         2051    i.HAL_I2C_Mem_Write  stm32f1xx_hal_i2c.o
    0x08002068   0x08002068   0x0000005c   Code   RO          535    i.HAL_I2C_MspInit   i2c.o
    0x080020c4   0x080020c4   0x00000010   Code   RO         1059    i.HAL_IncTick       stm32f1xx_hal.o
    0x080020d4   0x080020d4   0x00000024   Code   RO         1060    i.HAL_Init          stm32f1xx_hal.o
    0x080020f8   0x080020f8   0x00000040   Code   RO         1061    i.HAL_InitTick      stm32f1xx_hal.o
    0x08002138   0x08002138   0x0000003c   Code   RO          706    i.HAL_MspInit       stm32f1xx_hal_msp.o
    0x08002174   0x08002174   0x0000001a   Code   RO         1519    i.HAL_NVIC_EnableIRQ  stm32f1xx_hal_cortex.o
    0x0800218e   0x0800218e   0x00000002   PAD
    0x08002190   0x08002190   0x00000040   Code   RO         1525    i.HAL_NVIC_SetPriority  stm32f1xx_hal_cortex.o
    0x080021d0   0x080021d0   0x00000024   Code   RO         1526    i.HAL_NVIC_SetPriorityGrouping  stm32f1xx_hal_cortex.o
    0x080021f4   0x080021f4   0x000000ec   Code   RO         1321    i.HAL_RCCEx_PeriphCLKConfig  stm32f1xx_hal_rcc_ex.o
    0x080022e0   0x080022e0   0x0000012c   Code   RO         1217    i.HAL_RCC_ClockConfig  stm32f1xx_hal_rcc.o
    0x0800240c   0x0800240c   0x00000020   Code   RO         1224    i.HAL_RCC_GetPCLK1Freq  stm32f1xx_hal_rcc.o
    0x0800242c   0x0800242c   0x0000004c   Code   RO         1226    i.HAL_RCC_GetSysClockFreq  stm32f1xx_hal_rcc.o
    0x08002478   0x08002478   0x00000320   Code   RO         1229    i.HAL_RCC_OscConfig  stm32f1xx_hal_rcc.o
    0x08002798   0x08002798   0x00000028   Code   RO         1530    i.HAL_SYSTICK_Config  stm32f1xx_hal_cortex.o
    0x080027c0   0x080027c0   0x00000054   Code   RO         3165    i.HAL_TIMEx_ConfigBreakDeadTime  stm32f1xx_hal_tim_ex.o
    0x08002814   0x08002814   0x00000068   Code   RO         3181    i.HAL_TIMEx_MasterConfigSynchronization  stm32f1xx_hal_tim_ex.o
    0x0800287c   0x0800287c   0x000000cc   Code   RO         2530    i.HAL_TIM_PWM_ConfigChannel  stm32f1xx_hal_tim.o
    0x08002948   0x08002948   0x0000005a   Code   RO         2533    i.HAL_TIM_PWM_Init  stm32f1xx_hal_tim.o
    0x080029a2   0x080029a2   0x00000002   PAD
    0x080029a4   0x080029a4   0x00000028   Code   RO          577    i.HAL_TIM_PWM_MspInit  tim.o
    0x080029cc   0x080029cc   0x00000002   Code   RO          622    i.HardFault_Handler  stm32f1xx_it.o
    0x080029ce   0x080029ce   0x0000002e   Code   RO         2073    i.I2C_IsAcknowledgeFailed  stm32f1xx_hal_i2c.o
    0x080029fc   0x080029fc   0x000000a8   Code   RO         2084    i.I2C_RequestMemoryWrite  stm32f1xx_hal_i2c.o
    0x08002aa4   0x08002aa4   0x00000056   Code   RO         2088    i.I2C_WaitOnBTFFlagUntilTimeout  stm32f1xx_hal_i2c.o
    0x08002afa   0x08002afa   0x00000002   PAD
    0x08002afc   0x08002afc   0x00000090   Code   RO         2089    i.I2C_WaitOnFlagUntilTimeout  stm32f1xx_hal_i2c.o
    0x08002b8c   0x08002b8c   0x000000bc   Code   RO         2090    i.I2C_WaitOnMasterAddressFlagUntilTimeout  stm32f1xx_hal_i2c.o
    0x08002c48   0x08002c48   0x00000056   Code   RO         2092    i.I2C_WaitOnTXEFlagUntilTimeout  stm32f1xx_hal_i2c.o
    0x08002c9e   0x08002c9e   0x00000002   PAD
    0x08002ca0   0x08002ca0   0x00000090   Code   RO          470    i.MX_ADC1_Init      adc.o
    0x08002d30   0x08002d30   0x0000002c   Code   RO          510    i.MX_DMA_Init       dma.o
    0x08002d5c   0x08002d5c   0x000000a8   Code   RO          444    i.MX_GPIO_Init      gpio.o
    0x08002e04   0x08002e04   0x00000040   Code   RO          536    i.MX_I2C1_Init      i2c.o
    0x08002e44   0x08002e44   0x0000009c   Code   RO          578    i.MX_TIM1_Init      tim.o
    0x08002ee0   0x08002ee0   0x00000002   Code   RO          623    i.MemManage_Handler  stm32f1xx_it.o
    0x08002ee2   0x08002ee2   0x00000002   Code   RO          624    i.NMI_Handler       stm32f1xx_it.o
    0x08002ee4   0x08002ee4   0x00000010   Code   RO           13    i.OLED_Init         oled.o
    0x08002ef4   0x08002ef4   0x0000018c   Code   RO           14    i.OLED_ShowMetrics  oled.o
    0x08003080   0x08003080   0x00000002   Code   RO          625    i.PendSV_Handler    stm32f1xx_it.o
    0x08003082   0x08003082   0x00000002   Code   RO          626    i.SVC_Handler       stm32f1xx_it.o
    0x08003084   0x08003084   0x00000004   Code   RO          627    i.SysTick_Handler   stm32f1xx_it.o
    0x08003088   0x08003088   0x00000078   Code   RO          376    i.SystemClock_Config  main.o
    0x08003100   0x08003100   0x00000002   Code   RO         3430    i.SystemInit        system_stm32f1xx.o
    0x08003102   0x08003102   0x00000002   PAD
    0x08003104   0x08003104   0x00000078   Code   RO         2551    i.TIM_Base_SetConfig  stm32f1xx_hal_tim.o
    0x0800317c   0x0800317c   0x00000050   Code   RO         2564    i.TIM_OC1_SetConfig  stm32f1xx_hal_tim.o
    0x080031cc   0x080031cc   0x00000058   Code   RO         2565    i.TIM_OC2_SetConfig  stm32f1xx_hal_tim.o
    0x08003224   0x08003224   0x00000058   Code   RO         2566    i.TIM_OC3_SetConfig  stm32f1xx_hal_tim.o
    0x0800327c   0x0800327c   0x00000044   Code   RO         2567    i.TIM_OC4_SetConfig  stm32f1xx_hal_tim.o
    0x080032c0   0x080032c0   0x00000002   Code   RO          628    i.UsageFault_Handler  stm32f1xx_it.o
    0x080032c2   0x080032c2   0x00000028   Code   RO         3655    i.__ARM_fpclassify  m_ws.l(fpclassify.o)
    0x080032ea   0x080032ea   0x00000020   Code   RO         1532    i.__NVIC_SetPriority  stm32f1xx_hal_cortex.o
    0x0800330a   0x0800330a   0x0000000e   Code   RO         3484    i._is_digit         c_w.l(__printf_wp.o)
    0x08003318   0x08003318   0x00000188   Code   RO          377    i.main              main.o
    0x080034a0   0x080034a0   0x00000030   Code   RO          157    i.ssd1306_DrawPixel  ssd1306.o
    0x080034d0   0x080034d0   0x00000018   Code   RO          159    i.ssd1306_Fill      ssd1306.o
    0x080034e8   0x080034e8   0x000000c8   Code   RO          164    i.ssd1306_Init      ssd1306.o
    0x080035b0   0x080035b0   0x00000014   Code   RO          170    i.ssd1306_SetContrast  ssd1306.o
    0x080035c4   0x080035c4   0x0000000c   Code   RO          171    i.ssd1306_SetCursor  ssd1306.o
    0x080035d0   0x080035d0   0x00000018   Code   RO          172    i.ssd1306_SetDisplayOn  ssd1306.o
    0x080035e8   0x080035e8   0x00000038   Code   RO          173    i.ssd1306_UpdateScreen  ssd1306.o
    0x08003620   0x08003620   0x000000a8   Code   RO          174    i.ssd1306_WriteChar  ssd1306.o
    0x080036c8   0x080036c8   0x00000024   Code   RO          175    i.ssd1306_WriteCommand  ssd1306.o
    0x080036ec   0x080036ec   0x00000020   Code   RO          176    i.ssd1306_WriteData  ssd1306.o
    0x0800370c   0x0800370c   0x00000034   Code   RO          177    i.ssd1306_WriteString  ssd1306.o
    0x08003740   0x08003740   0x0000002c   Code   RO         3649    locale$$code        c_w.l(lc_numeric_c.o)
    0x0800376c   0x0800376c   0x0000000c   Code   RO         3564    x$fpl$dretinf       fz_ws.l(dretinf.o)
    0x08003778   0x08003778   0x00000056   Code   RO         3506    x$fpl$f2d           fz_ws.l(f2d.o)
    0x080037ce   0x080037ce   0x00000002   PAD
    0x080037d0   0x080037d0   0x000000c4   Code   RO         3508    x$fpl$fadd          fz_ws.l(faddsub_clz.o)
    0x08003894   0x08003894   0x00000184   Code   RO         3515    x$fpl$fdiv          fz_ws.l(fdiv.o)
    0x08003a18   0x08003a18   0x00000026   Code   RO         3522    x$fpl$ffltu         fz_ws.l(fflt_clz.o)
    0x08003a3e   0x08003a3e   0x00000002   PAD
    0x08003a40   0x08003a40   0x00000102   Code   RO         3528    x$fpl$fmul          fz_ws.l(fmul.o)
    0x08003b42   0x08003b42   0x0000008c   Code   RO         3566    x$fpl$fnaninf       fz_ws.l(fnaninf.o)
    0x08003bce   0x08003bce   0x0000000a   Code   RO         3568    x$fpl$fretinf       fz_ws.l(fretinf.o)
    0x08003bd8   0x08003bd8   0x00000014   Code   RO         3509    x$fpl$frsb          fz_ws.l(faddsub_clz.o)
    0x08003bec   0x08003bec   0x000000ea   Code   RO         3510    x$fpl$fsub          fz_ws.l(faddsub_clz.o)
    0x08003cd6   0x08003cd6   0x00000004   Code   RO         3530    x$fpl$printf1       fz_ws.l(printf1.o)
    0x08003cda   0x08003cda   0x00000000   Code   RO         3572    x$fpl$usenofp       fz_ws.l(usenofp.o)
    0x08003cda   0x08003cda   0x000005f0   Data   RO          342    .constdata          ssd1306_fonts.o
    0x080042ca   0x080042ca   0x00000002   PAD
    0x080042cc   0x080042cc   0x0000000c   Data   RO          346    .constdata          ssd1306_fonts.o
    0x080042d8   0x080042d8   0x00000012   Data   RO         1230    .constdata          stm32f1xx_hal_rcc.o
    0x080042ea   0x080042ea   0x00000010   Data   RO         3431    .constdata          system_stm32f1xx.o
    0x080042fa   0x080042fa   0x00000008   Data   RO         3432    .constdata          system_stm32f1xx.o
    0x08004302   0x08004302   0x00000011   Data   RO         3487    .constdata          c_w.l(__printf_flags_wp.o)
    0x08004313   0x08004313   0x00000001   PAD
    0x08004314   0x08004314   0x00000094   Data   RO         3624    .constdata          c_w.l(bigflt0.o)
    0x080043a8   0x080043a8   0x00000020   Data   RO         3804    Region$$Table       anon$$obj.o
    0x080043c8   0x080043c8   0x0000001c   Data   RO         3648    locale$$data        c_w.l(lc_numeric_c.o)


    Execution Region RW_IRAM1 (Exec base: 0x20000000, Load base: 0x080043e4, Size: 0x00000bb8, Max: 0x00005000, ABSOLUTE)

    Exec Addr    Load Addr    Size         Type   Attr      Idx    E Section Name        Object

    0x20000000   0x080043e4   0x00000006   Data   RW          179    .data               ssd1306.o
    0x20000006   0x080043ea   0x00000002   PAD
    0x20000008   0x080043ec   0x0000002c   Data   RW          378    .data               main.o
    0x20000034   0x08004418   0x0000000c   Data   RW         1067    .data               stm32f1xx_hal.o
    0x20000040   0x08004424   0x00000004   Data   RW         3433    .data               system_stm32f1xx.o
    0x20000044        -       0x00000400   Zero   RW          178    .bss                ssd1306.o
    0x20000444        -       0x00000074   Zero   RW          471    .bss                adc.o
    0x200004b8        -       0x00000054   Zero   RW          537    .bss                i2c.o
    0x2000050c        -       0x00000048   Zero   RW          579    .bss                tim.o
    0x20000554        -       0x00000060   Zero   RW         3658    .bss                c_w.l(libspace.o)
    0x200005b4   0x08004428   0x00000004   PAD
    0x200005b8        -       0x00000200   Zero   RW            2    HEAP                startup_stm32f103xb.o
    0x200007b8        -       0x00000400   Zero   RW            1    STACK               startup_stm32f103xb.o


==============================================================================

Image component sizes


      Code (inc. data)   RO Data    RW Data    ZI Data      Debug   Object Name

       304         34          0          0        116       1847   adc.o
        44          4          0          0          0        750   dma.o
       168         12          0          0          0        951   gpio.o
       156         26          0          0         84       1613   i2c.o
       516         50          0         44          0      26547   main.o
       412        108          0          0          0     423795   oled.o
       672         48          0          6       1024      10185   ssd1306.o
         0          0       1532          0          0       1121   ssd1306_fonts.o
        64         26        236          0       1536        808   startup_stm32f103xb.o
       164         28          0         12          0       5869   stm32f1xx_hal.o
      1444         62          0          0          0      10608   stm32f1xx_hal_adc.o
         2          0          0          0          0       1049   stm32f1xx_hal_adc_ex.o
       198         14          0          0          0      28911   stm32f1xx_hal_cortex.o
       586         32          0          0          0       3575   stm32f1xx_hal_dma.o
       490         34          0          0          0       2880   stm32f1xx_hal_gpio.o
      1414         32          0          0          0       9343   stm32f1xx_hal_i2c.o
        60          8          0          0          0        866   stm32f1xx_hal_msp.o
      1208         72         18          0          0       4529   stm32f1xx_hal_rcc.o
       236         12          0          0          0       1372   stm32f1xx_hal_rcc_ex.o
       738         32          0          0          0       6502   stm32f1xx_hal_tim.o
       188         12          0          0          0       2132   stm32f1xx_hal_tim_ex.o
        44         12          0          0          0       4705   stm32f1xx_it.o
         2          0         24          4          0       1107   system_stm32f1xx.o
       196         18          0          0         72       1653   tim.o

    ----------------------------------------------------------------------
      9326        676       1844         68       2832     552718   Object Totals
         0          0         32          0          0          0   (incl. Generated)
        20          0          2          2          0          0   (incl. Padding)

    ----------------------------------------------------------------------

      Code (inc. data)   RO Data    RW Data    ZI Data      Debug   Library Member Name

         8          0          0          0          0         68   __main.o
       312          4         17          0          0         92   __printf_flags_wp.o
        14          0          0          0          0         68   __printf_wp.o
         0          0          0          0          0          0   __rtentry.o
        12          0          0          0          0          0   __rtentry2.o
         6          0          0          0          0          0   __rtentry4.o
        52          8          0          0          0          0   __scatter.o
        26          0          0          0          0          0   __scatter_copy.o
        28          0          0          0          0          0   __scatter_zi.o
        48          6          0          0          0         96   _printf_char_common.o
         6          0          0          0          0          0   _printf_f.o
      1054          0          0          0          0        216   _printf_fp_dec.o
       128         16          0          0          0         84   _printf_fp_infnan.o
         0          0          0          0          0          0   _printf_percent.o
         4          0          0          0          0          0   _printf_percent_end.o
        16          0          0          0          0         68   _snputc.o
        10          0          0          0          0         68   _sputc.o
        16          0          0          0          0         68   aeabi_memset.o
       228          4        148          0          0         96   bigflt0.o
      1936        128          0          0          0        672   btod.o
        18          0          0          0          0         80   exit.o
         6          0          0          0          0        152   heapauxi.o
         0          0          0          0          0          0   indicate_semi.o
        44         10         28          0          0         76   lc_numeric_c.o
         2          0          0          0          0          0   libinit.o
        18          0          0          0          0          0   libinit2.o
         2          0          0          0          0          0   libshutdown.o
         2          0          0          0          0          0   libshutdown2.o
         8          4          0          0         96         68   libspace.o
       138          0          0          0          0         80   lludiv10.o
        52          4          0          0          0         84   noretval__2snprintf.o
         8          4          0          0          0         68   rt_locale_intlibspace.o
        68          0          0          0          0         68   rt_memclr.o
        78          0          0          0          0         80   rt_memclr_w.o
         2          0          0          0          0          0   rtexit.o
        10          0          0          0          0          0   rtexit2.o
       128          0          0          0          0         68   strcmpv7m.o
        12          4          0          0          0         68   sys_exit.o
        74          0          0          0          0         80   sys_stackheap_outer.o
         2          0          0          0          0         68   use_no_semi.o
        12          0          0          0          0         68   dretinf.o
        86          4          0          0          0         84   f2d.o
       450          8          0          0          0        236   faddsub_clz.o
       388         76          0          0          0         96   fdiv.o
        38          0          0          0          0         68   fflt_clz.o
       258          4          0          0          0         84   fmul.o
       140          4          0          0          0         84   fnaninf.o
        10          0          0          0          0         68   fretinf.o
         4          0          0          0          0         68   printf1.o
         0          0          0          0          0          0   usenofp.o
        40          0          0          0          0         68   fpclassify.o

    ----------------------------------------------------------------------
      6016        288        194          0        100       3560   Library Totals
        14          0          1          0          4          0   (incl. Padding)

    ----------------------------------------------------------------------

      Code (inc. data)   RO Data    RW Data    ZI Data      Debug   Library Name

      4576        192        193          0         96       2636   c_w.l
      1386         96          0          0          0        856   fz_ws.l
        40          0          0          0          0         68   m_ws.l

    ----------------------------------------------------------------------
      6016        288        194          0        100       3560   Library Totals

    ----------------------------------------------------------------------

==============================================================================


      Code (inc. data)   RO Data    RW Data    ZI Data      Debug   

     15342        964       2038         68       2932     549722   Grand Totals
     15342        964       2038         68       2932     549722   ELF Image Totals
     15342        964       2038         68          0          0   ROM Totals

==============================================================================

    Total RO  Size (Code + RO Data)                17380 (  16.97kB)
    Total RW  Size (RW Data + ZI Data)              3000 (   2.93kB)
    Total ROM Size (Code + RO Data + RW Data)      17448 (  17.04kB)

==============================================================================

